WARNING: A restricted method in java.lang.System has been called
WARNING: java.lang.System::load has been called by net.rubygrapefruit.platform.internal.NativeLibraryLoader in an unnamed module (file:/Users/enayat/.gradle/wrapper/dists/gradle-8.12-bin/cetblhg4pflnnks72fxwobvgv/gradle-8.12/lib/native-platform-0.22-milestone-27.jar)
WARNING: Use --enable-native-access=ALL-UNNAMED to avoid a warning for callers in this module
WARNING: Restricted methods will be blocked in a future release unless native access is enabled

To honour the JVM settings for this build a single-use Daemon process will be forked. For more on this, please refer to https://docs.gradle.org/8.12/userguide/gradle_daemon.html#sec:disabling_the_daemon in the Gradle documentation.
Daemon will be stopped at the end of the build 
Warning: SDK processing. This version only understands SDK XML versions up to 3 but an SDK XML file of version 4 was encountered. This can happen if you use versions of Android Studio and the command-line tools that were released at different times.
> Task :app:preBuild UP-TO-DATE
> Task :app:preDebugBuild UP-TO-DATE
> Task :app:mergeDebugNativeDebugMetadata NO-SOURCE
> Task :app:checkKotlinGradlePluginConfigurationErrors SKIPPED
> Task :app:generateDebugBuildConfig UP-TO-DATE
> Task :app:checkDebugAarMetadata UP-TO-DATE
> Task :app:generateDebugResValues UP-TO-DATE
> Task :app:mapDebugSourceSetPaths UP-TO-DATE
> Task :app:generateDebugResources UP-TO-DATE
> Task :app:mergeDebugResources UP-TO-DATE
> Task :app:packageDebugResources UP-TO-DATE
> Task :app:parseDebugLocalResources UP-TO-DATE
> Task :app:createDebugCompatibleScreenManifests UP-TO-DATE
> Task :app:extractDeepLinksDebug UP-TO-DATE
> Task :app:processDebugMainManifest UP-TO-DATE
> Task :app:processDebugManifest UP-TO-DATE
> Task :app:processDebugManifestForPackage UP-TO-DATE
> Task :app:processDebugResources UP-TO-DATE
> Task :app:kspDebugKotlin UP-TO-DATE
> Task :app:compileDebugKotlin UP-TO-DATE
> Task :app:javaPreCompileDebug UP-TO-DATE
> Task :app:compileDebugJavaWithJavac
> Task :app:mergeDebugShaders UP-TO-DATE
> Task :app:compileDebugShaders NO-SOURCE
> Task :app:generateDebugAssets UP-TO-DATE
> Task :app:mergeDebugAssets UP-TO-DATE
> Task :app:compressDebugAssets UP-TO-DATE
> Task :app:desugarDebugFileDependencies UP-TO-DATE
> Task :app:checkDebugDuplicateClasses UP-TO-DATE
> Task :app:hiltAggregateDepsDebug
> Task :app:mergeExtDexDebug UP-TO-DATE

> Task :app:hiltJavaCompileDebug
/Users/enayat/Documents/DeepEyeUnlocker/app/build/generated/hilt/component_sources/debug/com/deepeye/otg/DeepEyeApplication_HiltComponents.java:152: error: [Dagger/MissingBinding] java.io.File cannot be provided without an @Inject constructor or an @Provides-annotated method.
  public abstract static class SingletonC implements DeepEyeApplication_GeneratedInjector,
                         ^
  
      java.io.File is injected at
          [com.deepeye.otg.DeepEyeApplication_HiltComponents.ViewModelC] com.deepeye.otg.research.fuzz.ReproRecorder(outputDir)
      com.deepeye.otg.research.fuzz.ReproRecorder is injected at
          [com.deepeye.otg.DeepEyeApplication_HiltComponents.ViewModelC] com.deepeye.otg.viewmodel.research.FuzzDashboardViewModel(…, reproRecorder)
      com.deepeye.otg.viewmodel.research.FuzzDashboardViewModel is injected at
          [com.deepeye.otg.DeepEyeApplication_HiltComponents.ViewModelC] com.deepeye.otg.viewmodel.research.FuzzDashboardViewModel_HiltModules.BindsModule.binds(vm)
      @dagger.hilt.android.internal.lifecycle.HiltViewModelMap java.util.Map<java.lang.Class<?>,javax.inject.Provider<androidx.lifecycle.ViewModel>> is requested at
          [com.deepeye.otg.DeepEyeApplication_HiltComponents.ViewModelC] dagger.hilt.android.internal.lifecycle.HiltViewModelFactory.ViewModelFactoriesEntryPoint.getHiltViewModelMap() [com.deepeye.otg.DeepEyeApplication_HiltComponents.SingletonC → com.deepeye.otg.DeepEyeApplication_HiltComponents.ActivityRetainedC → com.deepeye.otg.DeepEyeApplication_HiltComponents.ViewModelC]
  It is also requested at:
      com.deepeye.otg.feature.forensics.ReportExporter(outputDir)
      com.deepeye.otg.hid.HidCorpusGenerator(outputDir, …)
      com.deepeye.otg.research.fuzz.CorpusManager(baseDir)
/Users/enayat/Documents/DeepEyeUnlocker/app/build/generated/hilt/component_sources/debug/com/deepeye/otg/DeepEyeApplication_HiltComponents.java:152: error: [Dagger/MissingBinding] com.deepeye.otg.research.fuzz.FuzzConfig cannot be provided without an @Inject constructor or an @Provides-annotated method.
  public abstract static class SingletonC implements DeepEyeApplication_GeneratedInjector,
                         ^
  
      com.deepeye.otg.research.fuzz.FuzzConfig is injected at
          [com.deepeye.otg.DeepEyeApplication_HiltComponents.ViewModelC] com.deepeye.otg.research.fuzz.FuzzHarness(config, …)
      com.deepeye.otg.research.fuzz.FuzzHarness is injected at
          [com.deepeye.otg.DeepEyeApplication_HiltComponents.ViewModelC] com.deepeye.otg.viewmodel.research.FuzzDashboardViewModel(harness, …)
      com.deepeye.otg.viewmodel.research.FuzzDashboardViewModel is injected at
          [com.deepeye.otg.DeepEyeApplication_HiltComponents.ViewModelC] com.deepeye.otg.viewmodel.research.FuzzDashboardViewModel_HiltModules.BindsModule.binds(vm)
      @dagger.hilt.android.internal.lifecycle.HiltViewModelMap java.util.Map<java.lang.Class<?>,javax.inject.Provider<androidx.lifecycle.ViewModel>> is requested at
          [com.deepeye.otg.DeepEyeApplication_HiltComponents.ViewModelC] dagger.hilt.android.internal.lifecycle.HiltViewModelFactory.ViewModelFactoriesEntryPoint.getHiltViewModelMap() [com.deepeye.otg.DeepEyeApplication_HiltComponents.SingletonC → com.deepeye.otg.DeepEyeApplication_HiltComponents.ActivityRetainedC → com.deepeye.otg.DeepEyeApplication_HiltComponents.ViewModelC]
/Users/enayat/Documents/DeepEyeUnlocker/app/build/generated/hilt/component_sources/debug/com/deepeye/otg/DeepEyeApplication_HiltComponents.java:152: error: [Dagger/MissingBinding] com.deepeye.otg.research.fuzz.FuzzTarget cannot be provided without an @Provides-annotated method.
  public abstract static class SingletonC implements DeepEyeApplication_GeneratedInjector,
                         ^
  
      com.deepeye.otg.research.fuzz.FuzzTarget is injected at
          [com.deepeye.otg.DeepEyeApplication_HiltComponents.ViewModelC] com.deepeye.otg.research.fuzz.FuzzHarness(…, target, …)
      com.deepeye.otg.research.fuzz.FuzzHarness is injected at
          [com.deepeye.otg.DeepEyeApplication_HiltComponents.ViewModelC] com.deepeye.otg.viewmodel.research.FuzzDashboardViewModel(harness, …)
      com.deepeye.otg.viewmodel.research.FuzzDashboardViewModel is injected at
          [com.deepeye.otg.DeepEyeApplication_HiltComponents.ViewModelC] com.deepeye.otg.viewmodel.research.FuzzDashboardViewModel_HiltModules.BindsModule.binds(vm)
      @dagger.hilt.android.internal.lifecycle.HiltViewModelMap java.util.Map<java.lang.Class<?>,javax.inject.Provider<androidx.lifecycle.ViewModel>> is requested at
          [com.deepeye.otg.DeepEyeApplication_HiltComponents.ViewModelC] dagger.hilt.android.internal.lifecycle.HiltViewModelFactory.ViewModelFactoriesEntryPoint.getHiltViewModelMap() [com.deepeye.otg.DeepEyeApplication_HiltComponents.SingletonC → com.deepeye.otg.DeepEyeApplication_HiltComponents.ActivityRetainedC → com.deepeye.otg.DeepEyeApplication_HiltComponents.ViewModelC]
/Users/enayat/Documents/DeepEyeUnlocker/app/build/generated/hilt/component_sources/debug/com/deepeye/otg/DeepEyeApplication_HiltComponents.java:152: error: [Dagger/MissingBinding] java.util.List<? extends com.deepeye.otg.research.fuzz.Mutator> cannot be provided without an @Provides-annotated method.
  public abstract static class SingletonC implements DeepEyeApplication_GeneratedInjector,
                         ^
  
      java.util.List<? extends com.deepeye.otg.research.fuzz.Mutator> is injected at
          [com.deepeye.otg.DeepEyeApplication_HiltComponents.ViewModelC] com.deepeye.otg.research.fuzz.FuzzHarness(…, mutators, …)
      com.deepeye.otg.research.fuzz.FuzzHarness is injected at
          [com.deepeye.otg.DeepEyeApplication_HiltComponents.ViewModelC] com.deepeye.otg.viewmodel.research.FuzzDashboardViewModel(harness, …)
      com.deepeye.otg.viewmodel.research.FuzzDashboardViewModel is injected at
          [com.deepeye.otg.DeepEyeApplication_HiltComponents.ViewModelC] com.deepeye.otg.viewmodel.research.FuzzDashboardViewModel_HiltModules.BindsModule.binds(vm)
      @dagger.hilt.android.internal.lifecycle.HiltViewModelMap java.util.Map<java.lang.Class<?>,javax.inject.Provider<androidx.lifecycle.ViewModel>> is requested at
          [com.deepeye.otg.DeepEyeApplication_HiltComponents.ViewModelC] dagger.hilt.android.internal.lifecycle.HiltViewModelFactory.ViewModelFactoriesEntryPoint.getHiltViewModelMap() [com.deepeye.otg.DeepEyeApplication_HiltComponents.SingletonC → com.deepeye.otg.DeepEyeApplication_HiltComponents.ActivityRetainedC → com.deepeye.otg.DeepEyeApplication_HiltComponents.ViewModelC]
/Users/enayat/Documents/DeepEyeUnlocker/app/build/generated/hilt/component_sources/debug/com/deepeye/otg/DeepEyeApplication_HiltComponents.java:152: error: [Dagger/MissingBinding] com.deepeye.otg.research.fuzz.CrashClassifier cannot be provided without an @Inject constructor or an @Provides-annotated method.
  public abstract static class SingletonC implements DeepEyeApplication_GeneratedInjector,
                         ^
  
      com.deepeye.otg.research.fuzz.CrashClassifier is injected at
          [com.deepeye.otg.DeepEyeApplication_HiltComponents.ViewModelC] com.deepeye.otg.research.fuzz.FuzzHarness(…, crashClassifier, …)
      com.deepeye.otg.research.fuzz.FuzzHarness is injected at
          [com.deepeye.otg.DeepEyeApplication_HiltComponents.ViewModelC] com.deepeye.otg.viewmodel.research.FuzzDashboardViewModel(harness, …)
      com.deepeye.otg.viewmodel.research.FuzzDashboardViewModel is injected at
          [com.deepeye.otg.DeepEyeApplication_HiltComponents.ViewModelC] com.deepeye.otg.viewmodel.research.FuzzDashboardViewModel_HiltModules.BindsModule.binds(vm)
      @dagger.hilt.android.internal.lifecycle.HiltViewModelMap java.util.Map<java.lang.Class<?>,javax.inject.Provider<androidx.lifecycle.ViewModel>> is requested at
          [com.deepeye.otg.DeepEyeApplication_HiltComponents.ViewModelC] dagger.hilt.android.internal.lifecycle.HiltViewModelFactory.ViewModelFactoriesEntryPoint.getHiltViewModelMap() [com.deepeye.otg.DeepEyeApplication_HiltComponents.SingletonC → com.deepeye.otg.DeepEyeApplication_HiltComponents.ActivityRetainedC → com.deepeye.otg.DeepEyeApplication_HiltComponents.ViewModelC]
/Users/enayat/Documents/DeepEyeUnlocker/app/build/generated/hilt/component_sources/debug/com/deepeye/otg/DeepEyeApplication_HiltComponents.java:152: error: [Dagger/MissingBinding] java.security.SecureRandom cannot be provided without an @Inject constructor or an @Provides-annotated method.
  public abstract static class SingletonC implements DeepEyeApplication_GeneratedInjector,
                         ^
  
      java.security.SecureRandom is injected at
          [com.deepeye.otg.DeepEyeApplication_HiltComponents.ViewModelC] com.deepeye.otg.hid.HidCorpusGenerator(…, rng)
      com.deepeye.otg.hid.HidCorpusGenerator is injected at
          [com.deepeye.otg.DeepEyeApplication_HiltComponents.ViewModelC] com.deepeye.otg.viewmodel.research.HidResearchViewModel(…, generator, …)
      com.deepeye.otg.viewmodel.research.HidResearchViewModel is injected at
          [com.deepeye.otg.DeepEyeApplication_HiltComponents.ViewModelC] com.deepeye.otg.viewmodel.research.HidResearchViewModel_HiltModules.BindsModule.binds(vm)
      @dagger.hilt.android.internal.lifecycle.HiltViewModelMap java.util.Map<java.lang.Class<?>,javax.inject.Provider<androidx.lifecycle.ViewModel>> is requested at
          [com.deepeye.otg.DeepEyeApplication_HiltComponents.ViewModelC] dagger.hilt.android.internal.lifecycle.HiltViewModelFactory.ViewModelFactoriesEntryPoint.getHiltViewModelMap() [com.deepeye.otg.DeepEyeApplication_HiltComponents.SingletonC → com.deepeye.otg.DeepEyeApplication_HiltComponents.ActivityRetainedC → com.deepeye.otg.DeepEyeApplication_HiltComponents.ViewModelC]
6 errors

> Task :app:hiltJavaCompileDebug FAILED

[Incubating] Problems report is available at: file:///Users/enayat/Documents/DeepEyeUnlocker/build/reports/problems/problems-report.html

FAILURE: Build failed with an exception.

* What went wrong:
Execution failed for task ':app:hiltJavaCompileDebug'.
> Compilation failed; see the compiler output below.
  /Users/enayat/Documents/DeepEyeUnlocker/app/build/generated/hilt/component_sources/debug/com/deepeye/otg/DeepEyeApplication_HiltComponents.java:152: error: [Dagger/MissingBinding] java.io.File cannot be provided without an @Inject constructor or an @Provides-annotated method.
    public abstract static class SingletonC implements DeepEyeApplication_GeneratedInjector,
                           ^
    
        java.io.File is injected at
            [com.deepeye.otg.DeepEyeApplication_HiltComponents.ViewModelC] com.deepeye.otg.research.fuzz.ReproRecorder(outputDir)
        com.deepeye.otg.research.fuzz.ReproRecorder is injected at
            [com.deepeye.otg.DeepEyeApplication_HiltComponents.ViewModelC] com.deepeye.otg.viewmodel.research.FuzzDashboardViewModel(…, reproRecorder)
        com.deepeye.otg.viewmodel.research.FuzzDashboardViewModel is injected at
            [com.deepeye.otg.DeepEyeApplication_HiltComponents.ViewModelC] com.deepeye.otg.viewmodel.research.FuzzDashboardViewModel_HiltModules.BindsModule.binds(vm)
        @dagger.hilt.android.internal.lifecycle.HiltViewModelMap java.util.Map<java.lang.Class<?>,javax.inject.Provider<androidx.lifecycle.ViewModel>> is requested at
            [com.deepeye.otg.DeepEyeApplication_HiltComponents.ViewModelC] dagger.hilt.android.internal.lifecycle.HiltViewModelFactory.ViewModelFactoriesEntryPoint.getHiltViewModelMap() [com.deepeye.otg.DeepEyeApplication_HiltComponents.SingletonC → com.deepeye.otg.DeepEyeApplication_HiltComponents.ActivityRetainedC → com.deepeye.otg.DeepEyeApplication_HiltComponents.ViewModelC]
    It is also requested at:
        com.deepeye.otg.feature.forensics.ReportExporter(outputDir)
        com.deepeye.otg.hid.HidCorpusGenerator(outputDir, …)
        com.deepeye.otg.research.fuzz.CorpusManager(baseDir)
  /Users/enayat/Documents/DeepEyeUnlocker/app/build/generated/hilt/component_sources/debug/com/deepeye/otg/DeepEyeApplication_HiltComponents.java:152: error: [Dagger/MissingBinding] com.deepeye.otg.research.fuzz.FuzzConfig cannot be provided without an @Inject constructor or an @Provides-annotated method.
    public abstract static class SingletonC implements DeepEyeApplication_GeneratedInjector,
                           ^
    
        com.deepeye.otg.research.fuzz.FuzzConfig is injected at
            [com.deepeye.otg.DeepEyeApplication_HiltComponents.ViewModelC] com.deepeye.otg.research.fuzz.FuzzHarness(config, …)
        com.deepeye.otg.research.fuzz.FuzzHarness is injected at
            [com.deepeye.otg.DeepEyeApplication_HiltComponents.ViewModelC] com.deepeye.otg.viewmodel.research.FuzzDashboardViewModel(harness, …)
        com.deepeye.otg.viewmodel.research.FuzzDashboardViewModel is injected at
            [com.deepeye.otg.DeepEyeApplication_HiltComponents.ViewModelC] com.deepeye.otg.viewmodel.research.FuzzDashboardViewModel_HiltModules.BindsModule.binds(vm)
        @dagger.hilt.android.internal.lifecycle.HiltViewModelMap java.util.Map<java.lang.Class<?>,javax.inject.Provider<androidx.lifecycle.ViewModel>> is requested at
            [com.deepeye.otg.DeepEyeApplication_HiltComponents.ViewModelC] dagger.hilt.android.internal.lifecycle.HiltViewModelFactory.ViewModelFactoriesEntryPoint.getHiltViewModelMap() [com.deepeye.otg.DeepEyeApplication_HiltComponents.SingletonC → com.deepeye.otg.DeepEyeApplication_HiltComponents.ActivityRetainedC → com.deepeye.otg.DeepEyeApplication_HiltComponents.ViewModelC]
  /Users/enayat/Documents/DeepEyeUnlocker/app/build/generated/hilt/component_sources/debug/com/deepeye/otg/DeepEyeApplication_HiltComponents.java:152: error: [Dagger/MissingBinding] com.deepeye.otg.research.fuzz.FuzzTarget cannot be provided without an @Provides-annotated method.
    public abstract static class SingletonC implements DeepEyeApplication_GeneratedInjector,
                           ^
    
        com.deepeye.otg.research.fuzz.FuzzTarget is injected at
            [com.deepeye.otg.DeepEyeApplication_HiltComponents.ViewModelC] com.deepeye.otg.research.fuzz.FuzzHarness(…, target, …)
        com.deepeye.otg.research.fuzz.FuzzHarness is injected at
            [com.deepeye.otg.DeepEyeApplication_HiltComponents.ViewModelC] com.deepeye.otg.viewmodel.research.FuzzDashboardViewModel(harness, …)
        com.deepeye.otg.viewmodel.research.FuzzDashboardViewModel is injected at
            [com.deepeye.otg.DeepEyeApplication_HiltComponents.ViewModelC] com.deepeye.otg.viewmodel.research.FuzzDashboardViewModel_HiltModules.BindsModule.binds(vm)
        @dagger.hilt.android.internal.lifecycle.HiltViewModelMap java.util.Map<java.lang.Class<?>,javax.inject.Provider<androidx.lifecycle.ViewModel>> is requested at
            [com.deepeye.otg.DeepEyeApplication_HiltComponents.ViewModelC] dagger.hilt.android.internal.lifecycle.HiltViewModelFactory.ViewModelFactoriesEntryPoint.getHiltViewModelMap() [com.deepeye.otg.DeepEyeApplication_HiltComponents.SingletonC → com.deepeye.otg.DeepEyeApplication_HiltComponents.ActivityRetainedC → com.deepeye.otg.DeepEyeApplication_HiltComponents.ViewModelC]
  /Users/enayat/Documents/DeepEyeUnlocker/app/build/generated/hilt/component_sources/debug/com/deepeye/otg/DeepEyeApplication_HiltComponents.java:152: error: [Dagger/MissingBinding] java.util.List<? extends com.deepeye.otg.research.fuzz.Mutator> cannot be provided without an @Provides-annotated method.
    public abstract static class SingletonC implements DeepEyeApplication_GeneratedInjector,
                           ^
    
        java.util.List<? extends com.deepeye.otg.research.fuzz.Mutator> is injected at
            [com.deepeye.otg.DeepEyeApplication_HiltComponents.ViewModelC] com.deepeye.otg.research.fuzz.FuzzHarness(…, mutators, …)
        com.deepeye.otg.research.fuzz.FuzzHarness is injected at
            [com.deepeye.otg.DeepEyeApplication_HiltComponents.ViewModelC] com.deepeye.otg.viewmodel.research.FuzzDashboardViewModel(harness, …)
        com.deepeye.otg.viewmodel.research.FuzzDashboardViewModel is injected at
            [com.deepeye.otg.DeepEyeApplication_HiltComponents.ViewModelC] com.deepeye.otg.viewmodel.research.FuzzDashboardViewModel_HiltModules.BindsModule.binds(vm)
        @dagger.hilt.android.internal.lifecycle.HiltViewModelMap java.util.Map<java.lang.Class<?>,javax.inject.Provider<androidx.lifecycle.ViewModel>> is requested at
            [com.deepeye.otg.DeepEyeApplication_HiltComponents.ViewModelC] dagger.hilt.android.internal.lifecycle.HiltViewModelFactory.ViewModelFactoriesEntryPoint.getHiltViewModelMap() [com.deepeye.otg.DeepEyeApplication_HiltComponents.SingletonC → com.deepeye.otg.DeepEyeApplication_HiltComponents.ActivityRetainedC → com.deepeye.otg.DeepEyeApplication_HiltComponents.ViewModelC]
  /Users/enayat/Documents/DeepEyeUnlocker/app/build/generated/hilt/component_sources/debug/com/deepeye/otg/DeepEyeApplication_HiltComponents.java:152: error: [Dagger/MissingBinding] com.deepeye.otg.research.fuzz.CrashClassifier cannot be provided without an @Inject constructor or an @Provides-annotated method.
    public abstract static class SingletonC implements DeepEyeApplication_GeneratedInjector,
                           ^
    
        com.deepeye.otg.research.fuzz.CrashClassifier is injected at
            [com.deepeye.otg.DeepEyeApplication_HiltComponents.ViewModelC] com.deepeye.otg.research.fuzz.FuzzHarness(…, crashClassifier, …)
        com.deepeye.otg.research.fuzz.FuzzHarness is injected at
            [com.deepeye.otg.DeepEyeApplication_HiltComponents.ViewModelC] com.deepeye.otg.viewmodel.research.FuzzDashboardViewModel(harness, …)
        com.deepeye.otg.viewmodel.research.FuzzDashboardViewModel is injected at
            [com.deepeye.otg.DeepEyeApplication_HiltComponents.ViewModelC] com.deepeye.otg.viewmodel.research.FuzzDashboardViewModel_HiltModules.BindsModule.binds(vm)
        @dagger.hilt.android.internal.lifecycle.HiltViewModelMap java.util.Map<java.lang.Class<?>,javax.inject.Provider<androidx.lifecycle.ViewModel>> is requested at
            [com.deepeye.otg.DeepEyeApplication_HiltComponents.ViewModelC] dagger.hilt.android.internal.lifecycle.HiltViewModelFactory.ViewModelFactoriesEntryPoint.getHiltViewModelMap() [com.deepeye.otg.DeepEyeApplication_HiltComponents.SingletonC → com.deepeye.otg.DeepEyeApplication_HiltComponents.ActivityRetainedC → com.deepeye.otg.DeepEyeApplication_HiltComponents.ViewModelC]
  /Users/enayat/Documents/DeepEyeUnlocker/app/build/generated/hilt/component_sources/debug/com/deepeye/otg/DeepEyeApplication_HiltComponents.java:152: error: [Dagger/MissingBinding] java.security.SecureRandom cannot be provided without an @Inject constructor or an @Provides-annotated method.
    public abstract static class SingletonC implements DeepEyeApplication_GeneratedInjector,
                           ^
    
        java.security.SecureRandom is injected at
            [com.deepeye.otg.DeepEyeApplication_HiltComponents.ViewModelC] com.deepeye.otg.hid.HidCorpusGenerator(…, rng)
        com.deepeye.otg.hid.HidCorpusGenerator is injected at
            [com.deepeye.otg.DeepEyeApplication_HiltComponents.ViewModelC] com.deepeye.otg.viewmodel.research.HidResearchViewModel(…, generator, …)
        com.deepeye.otg.viewmodel.research.HidResearchViewModel is injected at
            [com.deepeye.otg.DeepEyeApplication_HiltComponents.ViewModelC] com.deepeye.otg.viewmodel.research.HidResearchViewModel_HiltModules.BindsModule.binds(vm)
        @dagger.hilt.android.internal.lifecycle.HiltViewModelMap java.util.Map<java.lang.Class<?>,javax.inject.Provider<androidx.lifecycle.ViewModel>> is requested at
            [com.deepeye.otg.DeepEyeApplication_HiltComponents.ViewModelC] dagger.hilt.android.internal.lifecycle.HiltViewModelFactory.ViewModelFactoriesEntryPoint.getHiltViewModelMap() [com.deepeye.otg.DeepEyeApplication_HiltComponents.SingletonC → com.deepeye.otg.DeepEyeApplication_HiltComponents.ActivityRetainedC → com.deepeye.otg.DeepEyeApplication_HiltComponents.ViewModelC]
  6 errors

* Try:
> Check your code and dependencies to fix the compilation error(s)
> Run with --scan to get full insights.

Deprecated Gradle features were used in this build, making it incompatible with Gradle 9.0.

You can use '--warning-mode all' to show the individual deprecation warnings and determine if they come from your own scripts or plugins.

For more on this, please refer to https://docs.gradle.org/8.12/userguide/command_line_interface.html#sec:command_line_warnings in the Gradle documentation.

BUILD FAILED in 3m 10s
25 actionable tasks: 3 executed, 22 up-to-date
