> Task :app:checkKotlinGradlePluginConfigurationErrors SKIPPED
> Task :app:preBuild UP-TO-DATE
> Task :app:preReleaseBuild UP-TO-DATE
> Task :app:generateReleaseBuildConfig UP-TO-DATE
> Task :app:checkReleaseAarMetadata UP-TO-DATE
> Task :app:generateReleaseResValues UP-TO-DATE
> Task :app:mapReleaseSourceSetPaths UP-TO-DATE
> Task :app:generateReleaseResources UP-TO-DATE
> Task :app:mergeReleaseResources UP-TO-DATE
> Task :app:packageReleaseResources UP-TO-DATE
> Task :app:parseReleaseLocalResources UP-TO-DATE
> Task :app:createReleaseCompatibleScreenManifests UP-TO-DATE
> Task :app:extractDeepLinksRelease UP-TO-DATE
> Task :app:processReleaseMainManifest UP-TO-DATE
> Task :app:processReleaseManifest UP-TO-DATE
> Task :app:processReleaseManifestForPackage UP-TO-DATE
> Task :app:processReleaseResources UP-TO-DATE
> Task :app:compileReleaseKotlin
e: file:///Users/enayat/Documents/DeepEyeUnlocker/app/src/main/kotlin/com/deepeye/otg/ui/screens/MainScreen.kt:240:44 Unresolved reference 'AvailabilityEngine'.
e: file:///Users/enayat/Documents/DeepEyeUnlocker/app/src/main/kotlin/com/deepeye/otg/ui/theme/DeepEyeTheme.kt:36:26 Unresolved reference 'AccentError'.
e: file:///Users/enayat/Documents/DeepEyeUnlocker/app/src/main/kotlin/com/deepeye/otg/viewmodel/UsbViewModel.kt:434:13 Unresolved reference 'OtgTestHelper'.
e: file:///Users/enayat/Documents/DeepEyeUnlocker/app/src/main/kotlin/com/deepeye/otg/viewmodel/UsbViewModel.kt:437:69 Cannot infer type for this parameter. Please specify it explicitly.
e: file:///Users/enayat/Documents/DeepEyeUnlocker/app/src/main/kotlin/com/deepeye/otg/viewmodel/UsbViewModel.kt:438:17 Unresolved reference 'OtgTestHelper'.

> Task :app:compileReleaseKotlin FAILED

[Incubating] Problems report is available at: file:///Users/enayat/Documents/DeepEyeUnlocker/build/reports/problems/problems-report.html

FAILURE: Build failed with an exception.

* What went wrong:
Execution failed for task ':app:compileReleaseKotlin'.
> A failure occurred while executing org.jetbrains.kotlin.compilerRunner.GradleCompilerRunnerWithWorkers$GradleKotlinCompilerWorkAction
   > Compilation error. See log for more details

* Try:
> Run with --stacktrace option to get the stack trace.
> Run with --info or --debug option to get more log output.
> Run with --scan to get full insights.
> Get more help at https://help.gradle.org.

Deprecated Gradle features were used in this build, making it incompatible with Gradle 9.0.

You can use '--warning-mode all' to show the individual deprecation warnings and determine if they come from your own scripts or plugins.

For more on this, please refer to https://docs.gradle.org/8.12/userguide/command_line_interface.html#sec:command_line_warnings in the Gradle documentation.

BUILD FAILED in 1m 15s
14 actionable tasks: 1 executed, 13 up-to-date
