WARNING: A restricted method in java.lang.System has been called
WARNING: java.lang.System::load has been called by net.rubygrapefruit.platform.internal.NativeLibraryLoader in an unnamed module (file:/Users/enayat/.gradle/wrapper/dists/gradle-8.12-bin/cetblhg4pflnnks72fxwobvgv/gradle-8.12/lib/native-platform-0.22-milestone-27.jar)
WARNING: Use --enable-native-access=ALL-UNNAMED to avoid a warning for callers in this module
WARNING: Restricted methods will be blocked in a future release unless native access is enabled

> Task :app:checkKotlinGradlePluginConfigurationErrors SKIPPED
> Task :app:preBuild UP-TO-DATE
> Task :app:preDebugBuild UP-TO-DATE
> Task :app:generateDebugBuildConfig UP-TO-DATE
> Task :app:checkDebugAarMetadata UP-TO-DATE
> Task :app:generateDebugResValues UP-TO-DATE
> Task :app:mapDebugSourceSetPaths UP-TO-DATE
> Task :app:generateDebugResources UP-TO-DATE
> Task :app:mergeDebugResources UP-TO-DATE
> Task :app:packageDebugResources UP-TO-DATE
> Task :app:parseDebugLocalResources UP-TO-DATE
> Task :app:createDebugCompatibleScreenManifests UP-TO-DATE
> Task :app:extractDeepLinksDebug UP-TO-DATE
> Task :app:processDebugMainManifest UP-TO-DATE
> Task :app:processDebugManifest UP-TO-DATE
> Task :app:processDebugManifestForPackage UP-TO-DATE
> Task :app:processDebugResources UP-TO-DATE

> Task :app:kspDebugKotlin
e: file:///Users/enayat/Documents/DeepEyeUnlocker/app/src/main/kotlin/com/deepeye/otg/data/gsmg/BypassModels.kt:166:30 Expecting comma or ')'
e: file:///Users/enayat/Documents/DeepEyeUnlocker/app/src/main/kotlin/com/deepeye/otg/data/gsmg/BypassModels.kt:166:34 Parameters must have type annotation
e: file:///Users/enayat/Documents/DeepEyeUnlocker/app/src/main/kotlin/com/deepeye/otg/data/gsmg/BypassModels.kt:166:37 Expecting a top level declaration
e: file:///Users/enayat/Documents/DeepEyeUnlocker/app/src/main/kotlin/com/deepeye/otg/data/gsmg/BypassModels.kt:166:39 Expecting a top level declaration
e: file:///Users/enayat/Documents/DeepEyeUnlocker/app/src/main/kotlin/com/deepeye/otg/data/gsmg/BypassModels.kt:166:49 Expecting a top level declaration
e: file:///Users/enayat/Documents/DeepEyeUnlocker/app/src/main/kotlin/com/deepeye/otg/data/gsmg/BypassModels.kt:166:52 Expecting a top level declaration
e: file:///Users/enayat/Documents/DeepEyeUnlocker/app/src/main/kotlin/com/deepeye/otg/data/gsmg/BypassModels.kt:167:1 Expecting a top level declaration
e: file:///Users/enayat/Documents/DeepEyeUnlocker/app/src/main/kotlin/com/deepeye/otg/data/gsmg/BypassModels.kt:195:30 Property getter or setter expected
e: file:///Users/enayat/Documents/DeepEyeUnlocker/app/src/main/kotlin/com/deepeye/otg/data/gsmg/BypassModels.kt:196:5 Expecting member declaration
e: file:///Users/enayat/Documents/DeepEyeUnlocker/app/src/main/kotlin/com/deepeye/otg/data/gsmg/BypassModels.kt:196:7 Expecting member declaration
e: file:///Users/enayat/Documents/DeepEyeUnlocker/app/src/main/kotlin/com/deepeye/otg/data/gsmg/BypassModels.kt:196:9 Expecting member declaration
e: file:///Users/enayat/Documents/DeepEyeUnlocker/app/src/main/kotlin/com/deepeye/otg/data/gsmg/BypassModels.kt:196:20 Expecting member declaration
e: file:///Users/enayat/Documents/DeepEyeUnlocker/app/src/main/kotlin/com/deepeye/otg/data/gsmg/BypassModels.kt:196:21 Expecting member declaration

> Task :app:kspDebugKotlin FAILED

[Incubating] Problems report is available at: file:///Users/enayat/Documents/DeepEyeUnlocker/build/reports/problems/problems-report.html

FAILURE: Build failed with an exception.

* What went wrong:
Execution failed for task ':app:kspDebugKotlin'.
> A failure occurred while executing org.jetbrains.kotlin.compilerRunner.GradleCompilerRunnerWithWorkers$GradleKotlinCompilerWorkAction
   > Compilation error. See log for more details

* Try:
> Run with --stacktrace option to get the stack trace.
> Run with --info or --debug option to get more log output.
> Run with --scan to get full insights.
> Get more help at https://help.gradle.org.

Deprecated Gradle features were used in this build, making it incompatible with Gradle 9.0.

You can use '--warning-mode all' to show the individual deprecation warnings and determine if they come from your own scripts or plugins.

For more on this, please refer to https://docs.gradle.org/8.12/userguide/command_line_interface.html#sec:command_line_warnings in the Gradle documentation.

BUILD FAILED in 49s
14 actionable tasks: 1 executed, 13 up-to-date
