To honour the JVM settings for this build a single-use Daemon process will be forked. For more on this, please refer to https://docs.gradle.org/8.12/userguide/gradle_daemon.html#sec:disabling_the_daemon in the Gradle documentation.
Daemon will be stopped at the end of the build 
Warning: SDK processing. This version only understands SDK XML versions up to 3 but an SDK XML file of version 4 was encountered. This can happen if you use versions of Android Studio and the command-line tools that were released at different times.
> Task :app:checkKotlinGradlePluginConfigurationErrors SKIPPED
> Task :app:preBuild UP-TO-DATE
> Task :app:preReleaseBuild UP-TO-DATE
> Task :app:generateReleaseBuildConfig UP-TO-DATE
> Task :app:checkReleaseAarMetadata UP-TO-DATE
> Task :app:generateReleaseResValues UP-TO-DATE
> Task :app:mapReleaseSourceSetPaths UP-TO-DATE
> Task :app:generateReleaseResources UP-TO-DATE
> Task :app:mergeReleaseResources UP-TO-DATE
> Task :app:packageReleaseResources UP-TO-DATE
> Task :app:parseReleaseLocalResources UP-TO-DATE
> Task :app:createReleaseCompatibleScreenManifests UP-TO-DATE
> Task :app:extractDeepLinksRelease UP-TO-DATE
> Task :app:processReleaseMainManifest UP-TO-DATE
> Task :app:processReleaseManifest UP-TO-DATE
> Task :app:processReleaseManifestForPackage UP-TO-DATE
> Task :app:processReleaseResources UP-TO-DATE
> Task :app:compileReleaseKotlin
e: file:///Users/enayat/Documents/DeepEyeUnlocker/app/src/main/kotlin/com/deepeye/otg/usb/ProtocolDetector.kt:5:24 Unresolved reference 'domain'.
e: file:///Users/enayat/Documents/DeepEyeUnlocker/app/src/main/kotlin/com/deepeye/otg/usb/ProtocolDetector.kt:6:24 Unresolved reference 'domain'.
e: file:///Users/enayat/Documents/DeepEyeUnlocker/app/src/main/kotlin/com/deepeye/otg/usb/ProtocolDetector.kt:9:21 Unresolved reference 'DeviceMode'.
e: file:///Users/enayat/Documents/DeepEyeUnlocker/app/src/main/kotlin/com/deepeye/otg/usb/ProtocolDetector.kt:10:25 Unresolved reference 'ProtocolFamily'.
e: file:///Users/enayat/Documents/DeepEyeUnlocker/app/src/main/kotlin/com/deepeye/otg/usb/ProtocolDetector.kt:14:45 Unresolved reference 'data'.
e: file:///Users/enayat/Documents/DeepEyeUnlocker/app/src/main/kotlin/com/deepeye/otg/usb/ProtocolDetector.kt:15:9 Unresolved reference 'DeviceMode'.
e: file:///Users/enayat/Documents/DeepEyeUnlocker/app/src/main/kotlin/com/deepeye/otg/usb/ProtocolDetector.kt:15:43 Unresolved reference 'data'.
e: file:///Users/enayat/Documents/DeepEyeUnlocker/app/src/main/kotlin/com/deepeye/otg/usb/ProtocolDetector.kt:16:9 Unresolved reference 'DeviceMode'.
e: file:///Users/enayat/Documents/DeepEyeUnlocker/app/src/main/kotlin/com/deepeye/otg/usb/ProtocolDetector.kt:16:48 Unresolved reference 'data'.
e: file:///Users/enayat/Documents/DeepEyeUnlocker/app/src/main/kotlin/com/deepeye/otg/usb/ProtocolDetector.kt:17:9 Unresolved reference 'DeviceMode'.
e: file:///Users/enayat/Documents/DeepEyeUnlocker/app/src/main/kotlin/com/deepeye/otg/usb/ProtocolDetector.kt:17:46 Unresolved reference 'data'.
e: file:///Users/enayat/Documents/DeepEyeUnlocker/app/src/main/kotlin/com/deepeye/otg/usb/ProtocolDetector.kt:18:9 Unresolved reference 'DeviceMode'.
e: file:///Users/enayat/Documents/DeepEyeUnlocker/app/src/main/kotlin/com/deepeye/otg/usb/ProtocolDetector.kt:18:48 Unresolved reference 'data'.
e: file:///Users/enayat/Documents/DeepEyeUnlocker/app/src/main/kotlin/com/deepeye/otg/usb/ProtocolDetector.kt:19:9 Unresolved reference 'DeviceMode'.
e: file:///Users/enayat/Documents/DeepEyeUnlocker/app/src/main/kotlin/com/deepeye/otg/usb/ProtocolDetector.kt:19:53 Unresolved reference 'data'.
e: file:///Users/enayat/Documents/DeepEyeUnlocker/app/src/main/kotlin/com/deepeye/otg/usb/ProtocolDetector.kt:20:9 Unresolved reference 'DeviceMode'.
e: file:///Users/enayat/Documents/DeepEyeUnlocker/app/src/main/kotlin/com/deepeye/otg/usb/ProtocolDetector.kt:20:48 Unresolved reference 'data'.
e: file:///Users/enayat/Documents/DeepEyeUnlocker/app/src/main/kotlin/com/deepeye/otg/usb/ProtocolDetector.kt:21:9 Unresolved reference 'DeviceMode'.
e: file:///Users/enayat/Documents/DeepEyeUnlocker/app/src/main/kotlin/com/deepeye/otg/usb/ProtocolDetector.kt:21:47 Unresolved reference 'data'.
e: file:///Users/enayat/Documents/DeepEyeUnlocker/app/src/main/kotlin/com/deepeye/otg/usb/ProtocolDetector.kt:22:9 Unresolved reference 'DeviceMode'.
e: file:///Users/enayat/Documents/DeepEyeUnlocker/app/src/main/kotlin/com/deepeye/otg/usb/ProtocolDetector.kt:22:48 Unresolved reference 'data'.
e: file:///Users/enayat/Documents/DeepEyeUnlocker/app/src/main/kotlin/com/deepeye/otg/usb/ProtocolDetector.kt:23:9 Unresolved reference 'DeviceMode'.
e: file:///Users/enayat/Documents/DeepEyeUnlocker/app/src/main/kotlin/com/deepeye/otg/usb/ProtocolDetector.kt:23:52 Unresolved reference 'data'.
e: file:///Users/enayat/Documents/DeepEyeUnlocker/app/src/main/kotlin/com/deepeye/otg/usb/ProtocolDetector.kt:24:9 Unresolved reference 'DeviceMode'.
e: file:///Users/enayat/Documents/DeepEyeUnlocker/app/src/main/kotlin/com/deepeye/otg/usb/ProtocolDetector.kt:24:50 Unresolved reference 'data'.
e: file:///Users/enayat/Documents/DeepEyeUnlocker/app/src/main/kotlin/com/deepeye/otg/usb/ProtocolDetector.kt:25:9 Unresolved reference 'DeviceMode'.
e: file:///Users/enayat/Documents/DeepEyeUnlocker/app/src/main/kotlin/com/deepeye/otg/usb/ProtocolDetector.kt:25:49 Unresolved reference 'data'.
e: file:///Users/enayat/Documents/DeepEyeUnlocker/app/src/main/kotlin/com/deepeye/otg/usb/ProtocolDetector.kt:26:9 Unresolved reference 'DeviceMode'.
e: file:///Users/enayat/Documents/DeepEyeUnlocker/app/src/main/kotlin/com/deepeye/otg/usb/ProtocolDetector.kt:26:48 Unresolved reference 'data'.
e: file:///Users/enayat/Documents/DeepEyeUnlocker/app/src/main/kotlin/com/deepeye/otg/usb/ProtocolDetector.kt:27:9 Unresolved reference 'DeviceMode'.
e: file:///Users/enayat/Documents/DeepEyeUnlocker/app/src/main/kotlin/com/deepeye/otg/usb/ProtocolDetector.kt:27:49 Unresolved reference 'data'.
e: file:///Users/enayat/Documents/DeepEyeUnlocker/app/src/main/kotlin/com/deepeye/otg/usb/ProtocolDetector.kt:28:9 Unresolved reference 'DeviceMode'.
e: file:///Users/enayat/Documents/DeepEyeUnlocker/app/src/main/kotlin/com/deepeye/otg/usb/ProtocolDetector.kt:28:52 Unresolved reference 'data'.
e: file:///Users/enayat/Documents/DeepEyeUnlocker/app/src/main/kotlin/com/deepeye/otg/usb/ProtocolDetector.kt:29:9 Unresolved reference 'DeviceMode'.
e: file:///Users/enayat/Documents/DeepEyeUnlocker/app/src/main/kotlin/com/deepeye/otg/usb/ProtocolDetector.kt:29:47 Unresolved reference 'data'.
e: file:///Users/enayat/Documents/DeepEyeUnlocker/app/src/main/kotlin/com/deepeye/otg/usb/ProtocolDetector.kt:30:33 Unresolved reference 'data'.
e: file:///Users/enayat/Documents/DeepEyeUnlocker/app/src/main/kotlin/com/deepeye/otg/usb/ProtocolDetector.kt:39:26 Unresolved reference 'UsbDescriptorSnapshot'.
e: file:///Users/enayat/Documents/DeepEyeUnlocker/app/src/main/kotlin/com/deepeye/otg/usb/ProtocolDetector.kt:40:9 Unresolved reference 'logSnapshot'.
e: file:///Users/enayat/Documents/DeepEyeUnlocker/app/src/main/kotlin/com/deepeye/otg/usb/ProtocolDetector.kt:45:16 Unresolved reference 'detectQualcomm'.
e: file:///Users/enayat/Documents/DeepEyeUnlocker/app/src/main/kotlin/com/deepeye/otg/usb/ProtocolDetector.kt:46:16 Unresolved reference 'detectOdin'.
e: file:///Users/enayat/Documents/DeepEyeUnlocker/app/src/main/kotlin/com/deepeye/otg/usb/ProtocolDetector.kt:47:16 Unresolved reference 'detectFastboot'.
e: file:///Users/enayat/Documents/DeepEyeUnlocker/app/src/main/kotlin/com/deepeye/otg/usb/ProtocolDetector.kt:48:16 Unresolved reference 'detectAdb'.
e: file:///Users/enayat/Documents/DeepEyeUnlocker/app/src/main/kotlin/com/deepeye/otg/usb/ProtocolDetector.kt:49:16 Unresolved reference 'detectMtp'.
e: file:///Users/enayat/Documents/DeepEyeUnlocker/app/src/main/kotlin/com/deepeye/otg/usb/ProtocolDetector.kt:51:26 Unresolved reference 'DeviceMode'.
e: file:///Users/enayat/Documents/DeepEyeUnlocker/app/src/main/kotlin/com/deepeye/otg/usb/ProtocolDetector.kt:52:30 Unresolved reference 'ProtocolFamily'.
e: file:///Users/enayat/Documents/DeepEyeUnlocker/app/src/main/kotlin/com/deepeye/otg/usb/ProtocolDetector.kt:57:9 Unresolved reference 'logResult'.
e: file:///Users/enayat/Documents/DeepEyeUnlocker/app/src/main/kotlin/com/deepeye/otg/usb/ProtocolDetector.kt:61:37 Unresolved reference 'UsbDescriptorSnapshot'.
e: file:///Users/enayat/Documents/DeepEyeUnlocker/app/src/main/kotlin/com/deepeye/otg/usb/ProtocolDetector.kt:62:28 Unresolved reference 'vendorId'.
e: file:///Users/enayat/Documents/DeepEyeUnlocker/app/src/main/kotlin/com/deepeye/otg/usb/ProtocolDetector.kt:63:28 Unresolved reference 'productId'.
e: file:///Users/enayat/Documents/DeepEyeUnlocker/app/src/main/kotlin/com/deepeye/otg/usb/ProtocolDetector.kt:65:16 'when' expression must be exhaustive. Add an 'else' branch.
e: file:///Users/enayat/Documents/DeepEyeUnlocker/app/src/main/kotlin/com/deepeye/otg/usb/ProtocolDetector.kt:67:17 Unresolved reference 'DeviceMode'.
e: file:///Users/enayat/Documents/DeepEyeUnlocker/app/src/main/kotlin/com/deepeye/otg/usb/ProtocolDetector.kt:68:17 Unresolved reference 'ProtocolFamily'.
e: file:///Users/enayat/Documents/DeepEyeUnlocker/app/src/main/kotlin/com/deepeye/otg/usb/ProtocolDetector.kt:73:17 Unresolved reference 'DeviceMode'.
e: file:///Users/enayat/Documents/DeepEyeUnlocker/app/src/main/kotlin/com/deepeye/otg/usb/ProtocolDetector.kt:74:17 Unresolved reference 'ProtocolFamily'.
e: file:///Users/enayat/Documents/DeepEyeUnlocker/app/src/main/kotlin/com/deepeye/otg/usb/ProtocolDetector.kt:79:17 Unresolved reference 'DeviceMode'.
e: file:///Users/enayat/Documents/DeepEyeUnlocker/app/src/main/kotlin/com/deepeye/otg/usb/ProtocolDetector.kt:80:17 Unresolved reference 'ProtocolFamily'.
e: file:///Users/enayat/Documents/DeepEyeUnlocker/app/src/main/kotlin/com/deepeye/otg/usb/ProtocolDetector.kt:91:34 Unresolved reference 'DeviceMode'.
e: file:///Users/enayat/Documents/DeepEyeUnlocker/app/src/main/kotlin/com/deepeye/otg/usb/ProtocolDetector.kt:92:38 Unresolved reference 'ProtocolFamily'.
e: file:///Users/enayat/Documents/DeepEyeUnlocker/app/src/main/kotlin/com/deepeye/otg/usb/ProtocolDetector.kt:96:13 Syntax error: Expecting an element.
e: file:///Users/enayat/Documents/DeepEyeUnlocker/app/src/main/kotlin/com/deepeye/otg/usb/ProtocolDetector.kt:97:13 Syntax error: Expecting an element.
e: file:///Users/enayat/Documents/DeepEyeUnlocker/app/src/main/kotlin/com/deepeye/otg/usb/ProtocolDetector.kt:97:18 Syntax error: Unexpected tokens (use ';' to separate expressions on the same line).
e: file:///Users/enayat/Documents/DeepEyeUnlocker/app/src/main/kotlin/com/deepeye/otg/usb/ProtocolDetector.kt:101:5 Modifier 'private' is not applicable to 'local function'.
e: file:///Users/enayat/Documents/DeepEyeUnlocker/app/src/main/kotlin/com/deepeye/otg/usb/ProtocolDetector.kt:101:42 Unresolved reference 'UsbDescriptorSnapshot'.
e: file:///Users/enayat/Documents/DeepEyeUnlocker/app/src/main/kotlin/com/deepeye/otg/usb/ProtocolDetector.kt:102:28 Unresolved reference 'vendorId'.
e: file:///Users/enayat/Documents/DeepEyeUnlocker/app/src/main/kotlin/com/deepeye/otg/usb/ProtocolDetector.kt:103:28 Unresolved reference 'productId'.
e: file:///Users/enayat/Documents/DeepEyeUnlocker/app/src/main/kotlin/com/deepeye/otg/usb/ProtocolDetector.kt:107:17 Unresolved reference 'DeviceMode'.
e: file:///Users/enayat/Documents/DeepEyeUnlocker/app/src/main/kotlin/com/deepeye/otg/usb/ProtocolDetector.kt:108:17 Unresolved reference 'ProtocolFamily'.
e: file:///Users/enayat/Documents/DeepEyeUnlocker/app/src/main/kotlin/com/deepeye/otg/usb/ProtocolDetector.kt:114:17 Unresolved reference 'DeviceMode'.
e: file:///Users/enayat/Documents/DeepEyeUnlocker/app/src/main/kotlin/com/deepeye/otg/usb/ProtocolDetector.kt:115:17 Unresolved reference 'ProtocolFamily'.
e: file:///Users/enayat/Documents/DeepEyeUnlocker/app/src/main/kotlin/com/deepeye/otg/usb/ProtocolDetector.kt:126:30 Unresolved reference 'DeviceMode'.
e: file:///Users/enayat/Documents/DeepEyeUnlocker/app/src/main/kotlin/com/deepeye/otg/usb/ProtocolDetector.kt:127:34 Unresolved reference 'ProtocolFamily'.
e: file:///Users/enayat/Documents/DeepEyeUnlocker/app/src/main/kotlin/com/deepeye/otg/usb/ProtocolDetector.kt:134:5 Modifier 'private' is not applicable to 'local function'.
e: file:///Users/enayat/Documents/DeepEyeUnlocker/app/src/main/kotlin/com/deepeye/otg/usb/ProtocolDetector.kt:134:38 Unresolved reference 'UsbDescriptorSnapshot'.
e: file:///Users/enayat/Documents/DeepEyeUnlocker/app/src/main/kotlin/com/deepeye/otg/usb/ProtocolDetector.kt:135:22 Unresolved reference 'vendorId'.
e: file:///Users/enayat/Documents/DeepEyeUnlocker/app/src/main/kotlin/com/deepeye/otg/usb/ProtocolDetector.kt:135:53 Unresolved reference 'productId'.
e: file:///Users/enayat/Documents/DeepEyeUnlocker/app/src/main/kotlin/com/deepeye/otg/usb/ProtocolDetector.kt:137:17 Unresolved reference 'DeviceMode'.
e: file:///Users/enayat/Documents/DeepEyeUnlocker/app/src/main/kotlin/com/deepeye/otg/usb/ProtocolDetector.kt:138:17 Unresolved reference 'ProtocolFamily'.
e: file:///Users/enayat/Documents/DeepEyeUnlocker/app/src/main/kotlin/com/deepeye/otg/usb/ProtocolDetector.kt:144:20 Cannot infer type for this parameter. Please specify it explicitly.
e: file:///Users/enayat/Documents/DeepEyeUnlocker/app/src/main/kotlin/com/deepeye/otg/usb/ProtocolDetector.kt:144:34 Cannot infer type for this parameter. Please specify it explicitly.
e: file:///Users/enayat/Documents/DeepEyeUnlocker/app/src/main/kotlin/com/deepeye/otg/usb/ProtocolDetector.kt:144:43 Unresolved reference 'manufacturerName'.
e: file:///Users/enayat/Documents/DeepEyeUnlocker/app/src/main/kotlin/com/deepeye/otg/usb/ProtocolDetector.kt:144:70 Unresolved reference 'productName'.
e: file:///Users/enayat/Documents/DeepEyeUnlocker/app/src/main/kotlin/com/deepeye/otg/usb/ProtocolDetector.kt:145:14 Cannot infer type for this parameter. Please specify it explicitly.
e: file:///Users/enayat/Documents/DeepEyeUnlocker/app/src/main/kotlin/com/deepeye/otg/usb/ProtocolDetector.kt:145:14 Not enough information to infer type argument for 'T'.
e: file:///Users/enayat/Documents/DeepEyeUnlocker/app/src/main/kotlin/com/deepeye/otg/usb/ProtocolDetector.kt:148:22 Unresolved reference 'vendorId'.
e: file:///Users/enayat/Documents/DeepEyeUnlocker/app/src/main/kotlin/com/deepeye/otg/usb/ProtocolDetector.kt:150:17 Unresolved reference 'DeviceMode'.
e: file:///Users/enayat/Documents/DeepEyeUnlocker/app/src/main/kotlin/com/deepeye/otg/usb/ProtocolDetector.kt:151:17 Unresolved reference 'ProtocolFamily'.
e: file:///Users/enayat/Documents/DeepEyeUnlocker/app/src/main/kotlin/com/deepeye/otg/usb/ProtocolDetector.kt:155:29 Unresolved reference 'vendorId'.
e: file:///Users/enayat/Documents/DeepEyeUnlocker/app/src/main/kotlin/com/deepeye/otg/usb/ProtocolDetector.kt:159:96 Unresolved reference 'vendorId'.
e: file:///Users/enayat/Documents/DeepEyeUnlocker/app/src/main/kotlin/com/deepeye/otg/usb/ProtocolDetector.kt:159:138 Unresolved reference 'productId'.
e: file:///Users/enayat/Documents/DeepEyeUnlocker/app/src/main/kotlin/com/deepeye/otg/usb/ProtocolDetector.kt:162:30 Unresolved reference 'DeviceMode'.
e: file:///Users/enayat/Documents/DeepEyeUnlocker/app/src/main/kotlin/com/deepeye/otg/usb/ProtocolDetector.kt:163:34 Unresolved reference 'ProtocolFamily'.
e: file:///Users/enayat/Documents/DeepEyeUnlocker/app/src/main/kotlin/com/deepeye/otg/usb/ProtocolDetector.kt:165:100 Unresolved reference 'productId'.
e: file:///Users/enayat/Documents/DeepEyeUnlocker/app/src/main/kotlin/com/deepeye/otg/usb/ProtocolDetector.kt:170:5 Modifier 'private' is not applicable to 'local function'.
e: file:///Users/enayat/Documents/DeepEyeUnlocker/app/src/main/kotlin/com/deepeye/otg/usb/ProtocolDetector.kt:170:42 Unresolved reference 'UsbDescriptorSnapshot'.
e: file:///Users/enayat/Documents/DeepEyeUnlocker/app/src/main/kotlin/com/deepeye/otg/usb/ProtocolDetector.kt:171:44 Unresolved reference 'interfaces'.
e: file:///Users/enayat/Documents/DeepEyeUnlocker/app/src/main/kotlin/com/deepeye/otg/usb/ProtocolDetector.kt:172:13 Unresolved reference 'it'.
e: file:///Users/enayat/Documents/DeepEyeUnlocker/app/src/main/kotlin/com/deepeye/otg/usb/ProtocolDetector.kt:173:17 Unresolved reference 'it'.
e: file:///Users/enayat/Documents/DeepEyeUnlocker/app/src/main/kotlin/com/deepeye/otg/usb/ProtocolDetector.kt:174:17 Unresolved reference 'it'.
e: file:///Users/enayat/Documents/DeepEyeUnlocker/app/src/main/kotlin/com/deepeye/otg/usb/ProtocolDetector.kt:176:20 Cannot infer type for this parameter. Please specify it explicitly.
e: file:///Users/enayat/Documents/DeepEyeUnlocker/app/src/main/kotlin/com/deepeye/otg/usb/ProtocolDetector.kt:176:34 Cannot infer type for this parameter. Please specify it explicitly.
e: file:///Users/enayat/Documents/DeepEyeUnlocker/app/src/main/kotlin/com/deepeye/otg/usb/ProtocolDetector.kt:176:43 Unresolved reference 'manufacturerName'.
e: file:///Users/enayat/Documents/DeepEyeUnlocker/app/src/main/kotlin/com/deepeye/otg/usb/ProtocolDetector.kt:176:70 Unresolved reference 'productName'.
e: file:///Users/enayat/Documents/DeepEyeUnlocker/app/src/main/kotlin/com/deepeye/otg/usb/ProtocolDetector.kt:176:83 Cannot infer type for this parameter. Please specify it explicitly.
e: file:///Users/enayat/Documents/DeepEyeUnlocker/app/src/main/kotlin/com/deepeye/otg/usb/ProtocolDetector.kt:176:83 Not enough information to infer type argument for 'T'.
e: file:///Users/enayat/Documents/DeepEyeUnlocker/app/src/main/kotlin/com/deepeye/otg/usb/ProtocolDetector.kt:180:17 Unresolved reference 'DeviceMode'.
e: file:///Users/enayat/Documents/DeepEyeUnlocker/app/src/main/kotlin/com/deepeye/otg/usb/ProtocolDetector.kt:181:17 Unresolved reference 'ProtocolFamily'.
e: file:///Users/enayat/Documents/DeepEyeUnlocker/app/src/main/kotlin/com/deepeye/otg/usb/ProtocolDetector.kt:187:55 Unresolved reference 'interfaces'.
e: file:///Users/enayat/Documents/DeepEyeUnlocker/app/src/main/kotlin/com/deepeye/otg/usb/ProtocolDetector.kt:188:17 Unresolved reference 'it'.
e: file:///Users/enayat/Documents/DeepEyeUnlocker/app/src/main/kotlin/com/deepeye/otg/usb/ProtocolDetector.kt:193:17 Unresolved reference 'DeviceMode'.
e: file:///Users/enayat/Documents/DeepEyeUnlocker/app/src/main/kotlin/com/deepeye/otg/usb/ProtocolDetector.kt:194:17 Unresolved reference 'ProtocolFamily'.
e: file:///Users/enayat/Documents/DeepEyeUnlocker/app/src/main/kotlin/com/deepeye/otg/usb/ProtocolDetector.kt:202:5 Modifier 'private' is not applicable to 'local function'.
e: file:///Users/enayat/Documents/DeepEyeUnlocker/app/src/main/kotlin/com/deepeye/otg/usb/ProtocolDetector.kt:202:37 Unresolved reference 'UsbDescriptorSnapshot'.
e: file:///Users/enayat/Documents/DeepEyeUnlocker/app/src/main/kotlin/com/deepeye/otg/usb/ProtocolDetector.kt:206:37 Unresolved reference 'interfaces'.
e: file:///Users/enayat/Documents/DeepEyeUnlocker/app/src/main/kotlin/com/deepeye/otg/usb/ProtocolDetector.kt:207:13 Unresolved reference 'it'.
e: file:///Users/enayat/Documents/DeepEyeUnlocker/app/src/main/kotlin/com/deepeye/otg/usb/ProtocolDetector.kt:208:17 Unresolved reference 'it'.
e: file:///Users/enayat/Documents/DeepEyeUnlocker/app/src/main/kotlin/com/deepeye/otg/usb/ProtocolDetector.kt:209:17 Unresolved reference 'it'.
e: file:///Users/enayat/Documents/DeepEyeUnlocker/app/src/main/kotlin/com/deepeye/otg/usb/ProtocolDetector.kt:214:38 Unresolved reference 'endpoints'.
e: file:///Users/enayat/Documents/DeepEyeUnlocker/app/src/main/kotlin/com/deepeye/otg/usb/ProtocolDetector.kt:215:13 Unresolved reference 'it'.
e: file:///Users/enayat/Documents/DeepEyeUnlocker/app/src/main/kotlin/com/deepeye/otg/usb/ProtocolDetector.kt:215:63 Unresolved reference 'it'.
e: file:///Users/enayat/Documents/DeepEyeUnlocker/app/src/main/kotlin/com/deepeye/otg/usb/ProtocolDetector.kt:217:39 Unresolved reference 'endpoints'.
e: file:///Users/enayat/Documents/DeepEyeUnlocker/app/src/main/kotlin/com/deepeye/otg/usb/ProtocolDetector.kt:218:13 Unresolved reference 'it'.
e: file:///Users/enayat/Documents/DeepEyeUnlocker/app/src/main/kotlin/com/deepeye/otg/usb/ProtocolDetector.kt:218:63 Unresolved reference 'it'.
e: file:///Users/enayat/Documents/DeepEyeUnlocker/app/src/main/kotlin/com/deepeye/otg/usb/ProtocolDetector.kt:221:13 Unresolved reference 'not' for operator '!'.
e: file:///Users/enayat/Documents/DeepEyeUnlocker/app/src/main/kotlin/com/deepeye/otg/usb/ProtocolDetector.kt:221:27 Unresolved reference 'not' for operator '!'.
e: file:///Users/enayat/Documents/DeepEyeUnlocker/app/src/main/kotlin/com/deepeye/otg/usb/ProtocolDetector.kt:224:68 Unresolved reference 'id'.
e: file:///Users/enayat/Documents/DeepEyeUnlocker/app/src/main/kotlin/com/deepeye/otg/usb/ProtocolDetector.kt:230:13 Unresolved reference 'DeviceMode'.
e: file:///Users/enayat/Documents/DeepEyeUnlocker/app/src/main/kotlin/com/deepeye/otg/usb/ProtocolDetector.kt:231:13 Unresolved reference 'ProtocolFamily'.
e: file:///Users/enayat/Documents/DeepEyeUnlocker/app/src/main/kotlin/com/deepeye/otg/usb/ProtocolDetector.kt:233:86 Unresolved reference 'id'.
e: file:///Users/enayat/Documents/DeepEyeUnlocker/app/src/main/kotlin/com/deepeye/otg/usb/ProtocolDetector.kt:237:5 Modifier 'private' is not applicable to 'local function'.
e: file:///Users/enayat/Documents/DeepEyeUnlocker/app/src/main/kotlin/com/deepeye/otg/usb/ProtocolDetector.kt:237:37 Unresolved reference 'UsbDescriptorSnapshot'.
e: file:///Users/enayat/Documents/DeepEyeUnlocker/app/src/main/kotlin/com/deepeye/otg/usb/ProtocolDetector.kt:238:37 Unresolved reference 'interfaces'.
e: file:///Users/enayat/Documents/DeepEyeUnlocker/app/src/main/kotlin/com/deepeye/otg/usb/ProtocolDetector.kt:239:13 Unresolved reference 'it'.
e: file:///Users/enayat/Documents/DeepEyeUnlocker/app/src/main/kotlin/com/deepeye/otg/usb/ProtocolDetector.kt:240:17 Unresolved reference 'it'.
e: file:///Users/enayat/Documents/DeepEyeUnlocker/app/src/main/kotlin/com/deepeye/otg/usb/ProtocolDetector.kt:245:17 Unresolved reference 'DeviceMode'.
e: file:///Users/enayat/Documents/DeepEyeUnlocker/app/src/main/kotlin/com/deepeye/otg/usb/ProtocolDetector.kt:246:17 Unresolved reference 'ProtocolFamily'.
e: file:///Users/enayat/Documents/DeepEyeUnlocker/app/src/main/kotlin/com/deepeye/otg/usb/ProtocolDetector.kt:253:5 Modifier 'private' is not applicable to 'local function'.
e: file:///Users/enayat/Documents/DeepEyeUnlocker/app/src/main/kotlin/com/deepeye/otg/usb/ProtocolDetector.kt:253:32 Unresolved reference 'UsbDescriptorSnapshot'.
e: file:///Users/enayat/Documents/DeepEyeUnlocker/app/src/main/kotlin/com/deepeye/otg/usb/ProtocolDetector.kt:256:52 Unresolved reference 'vendorId'.
e: file:///Users/enayat/Documents/DeepEyeUnlocker/app/src/main/kotlin/com/deepeye/otg/usb/ProtocolDetector.kt:256:87 Unresolved reference 'productId'.
e: file:///Users/enayat/Documents/DeepEyeUnlocker/app/src/main/kotlin/com/deepeye/otg/usb/ProtocolDetector.kt:257:47 Unresolved reference 'deviceClass'.
e: file:///Users/enayat/Documents/DeepEyeUnlocker/app/src/main/kotlin/com/deepeye/otg/usb/ProtocolDetector.kt:257:93 Unresolved reference 'deviceSubclass'.
e: file:///Users/enayat/Documents/DeepEyeUnlocker/app/src/main/kotlin/com/deepeye/otg/usb/ProtocolDetector.kt:258:44 Unresolved reference 'deviceProtocol'.
e: file:///Users/enayat/Documents/DeepEyeUnlocker/app/src/main/kotlin/com/deepeye/otg/usb/ProtocolDetector.kt:258:75 Unresolved reference 'interfaceCount'.
e: file:///Users/enayat/Documents/DeepEyeUnlocker/app/src/main/kotlin/com/deepeye/otg/usb/ProtocolDetector.kt:260:11 Unresolved reference 'interfaces'.
e: file:///Users/enayat/Documents/DeepEyeUnlocker/app/src/main/kotlin/com/deepeye/otg/usb/ProtocolDetector.kt:260:39 Cannot infer type for this parameter. Please specify it explicitly.
e: file:///Users/enayat/Documents/DeepEyeUnlocker/app/src/main/kotlin/com/deepeye/otg/usb/ProtocolDetector.kt:260:44 Cannot infer type for this parameter. Please specify it explicitly.
e: file:///Users/enayat/Documents/DeepEyeUnlocker/app/src/main/kotlin/com/deepeye/otg/usb/ProtocolDetector.kt:261:34 Unresolved reference 'endpoints'.
e: file:///Users/enayat/Documents/DeepEyeUnlocker/app/src/main/kotlin/com/deepeye/otg/usb/ProtocolDetector.kt:261:64 Cannot infer type for this parameter. Please specify it explicitly.
e: file:///Users/enayat/Documents/DeepEyeUnlocker/app/src/main/kotlin/com/deepeye/otg/usb/ProtocolDetector.kt:262:44 Unresolved reference 'address'.
e: file:///Users/enayat/Documents/DeepEyeUnlocker/app/src/main/kotlin/com/deepeye/otg/usb/ProtocolDetector.kt:262:64 Unresolved reference 'type'.
e: file:///Users/enayat/Documents/DeepEyeUnlocker/app/src/main/kotlin/com/deepeye/otg/usb/ProtocolDetector.kt:262:79 Unresolved reference 'direction'.
e: file:///Users/enayat/Documents/DeepEyeUnlocker/app/src/main/kotlin/com/deepeye/otg/usb/ProtocolDetector.kt:266:65 Unresolved reference 'interfaceClass'.
e: file:///Users/enayat/Documents/DeepEyeUnlocker/app/src/main/kotlin/com/deepeye/otg/usb/ProtocolDetector.kt:267:54 Unresolved reference 'interfaceSubclass'.
e: file:///Users/enayat/Documents/DeepEyeUnlocker/app/src/main/kotlin/com/deepeye/otg/usb/ProtocolDetector.kt:268:51 Unresolved reference 'interfaceProtocol'.
e: file:///Users/enayat/Documents/DeepEyeUnlocker/app/src/main/kotlin/com/deepeye/otg/usb/ProtocolDetector.kt:268:82 Unresolved reference 'endpointCount'.
e: file:///Users/enayat/Documents/DeepEyeUnlocker/app/src/main/kotlin/com/deepeye/otg/usb/ProtocolDetector.kt:273:5 Modifier 'private' is not applicable to 'local function'.
e: file:///Users/enayat/Documents/DeepEyeUnlocker/app/src/main/kotlin/com/deepeye/otg/usb/ProtocolDetector.kt:273:37 Unresolved reference 'UsbDescriptorSnapshot'.
e: file:///Users/enayat/Documents/DeepEyeUnlocker/app/src/main/kotlin/com/deepeye/otg/usb/ProtocolDetector.kt:279:34 Unresolved reference 'DeviceMode'.
e: file:///Users/enayat/Documents/DeepEyeUnlocker/app/src/main/kotlin/com/deepeye/otg/usb/ProtocolDetector.kt:280:36 Unresolved reference 'interfaces'.
e: file:///Users/enayat/Documents/DeepEyeUnlocker/app/src/main/kotlin/com/deepeye/otg/usb/ProtocolDetector.kt:281:34 Unresolved reference 'it'.
e: file:///Users/enayat/Documents/DeepEyeUnlocker/app/src/main/kotlin/com/deepeye/otg/usb/ProtocolDetector.kt:281:70 Unresolved reference 'it'.
e: file:///Users/enayat/Documents/DeepEyeUnlocker/app/src/main/kotlin/com/deepeye/otg/usb/ProtocolDetector.kt:281:109 Unresolved reference 'it'.
e: file:///Users/enayat/Documents/DeepEyeUnlocker/app/src/main/kotlin/com/deepeye/otg/usb/ProtocolDetector.kt:285:72 Unresolved reference 'vendorId'.
e: file:///Users/enayat/Documents/DeepEyeUnlocker/app/src/main/kotlin/com/deepeye/otg/usb/ProtocolDetector.kt:285:114 Unresolved reference 'productId'.
e: file:///Users/enayat/Documents/DeepEyeUnlocker/app/src/main/kotlin/com/deepeye/otg/usb/ProtocolDetector.kt:289:2 Syntax error: Missing '}.
e: file:///Users/enayat/Documents/DeepEyeUnlocker/app/src/main/kotlin/com/deepeye/otg/usb/UsbBroadcastReceiver.kt:34:13 Unresolved reference 'UsbPermissionGuard'.
e: file:///Users/enayat/Documents/DeepEyeUnlocker/app/src/main/kotlin/com/deepeye/otg/usb/UsbLifecycleManager.kt:7:24 Unresolved reference 'data'.
e: file:///Users/enayat/Documents/DeepEyeUnlocker/app/src/main/kotlin/com/deepeye/otg/usb/UsbLifecycleManager.kt:8:24 Unresolved reference 'domain'.
e: file:///Users/enayat/Documents/DeepEyeUnlocker/app/src/main/kotlin/com/deepeye/otg/usb/UsbLifecycleManager.kt:29:26 Inapplicable candidate(s): fun <T> MutableStateFlow(value: T): MutableStateFlow<T>
e: file:///Users/enayat/Documents/DeepEyeUnlocker/app/src/main/kotlin/com/deepeye/otg/usb/UsbLifecycleManager.kt:29:43 Unresolved reference 'UsbLifecycleState'.
e: file:///Users/enayat/Documents/DeepEyeUnlocker/app/src/main/kotlin/com/deepeye/otg/usb/UsbLifecycleManager.kt:29:62 Unresolved reference 'UsbLifecycleState'.
e: file:///Users/enayat/Documents/DeepEyeUnlocker/app/src/main/kotlin/com/deepeye/otg/usb/UsbLifecycleManager.kt:30:26 Unresolved reference 'UsbLifecycleState'.
e: file:///Users/enayat/Documents/DeepEyeUnlocker/app/src/main/kotlin/com/deepeye/otg/usb/UsbLifecycleManager.kt:30:54 Cannot infer type for this parameter. Please specify it explicitly.
e: file:///Users/enayat/Documents/DeepEyeUnlocker/app/src/main/kotlin/com/deepeye/otg/usb/UsbLifecycleManager.kt:37:34 Unresolved reference 'ResolvedEndpoints'.
e: file:///Users/enayat/Documents/DeepEyeUnlocker/app/src/main/kotlin/com/deepeye/otg/usb/UsbLifecycleManager.kt:38:32 Unresolved reference 'UsbTransferQueue'.
e: file:///Users/enayat/Documents/DeepEyeUnlocker/app/src/main/kotlin/com/deepeye/otg/usb/UsbLifecycleManager.kt:46:33 Unresolved reference 'UsbDescriptorSnapshot'.
e: file:///Users/enayat/Documents/DeepEyeUnlocker/app/src/main/kotlin/com/deepeye/otg/usb/UsbLifecycleManager.kt:58:37 Unresolved reference 'UsbLifecycleState'.
e: file:///Users/enayat/Documents/DeepEyeUnlocker/app/src/main/kotlin/com/deepeye/otg/usb/UsbLifecycleManager.kt:77:32 Unresolved reference 'UsbSnapshotFactory'.
e: file:///Users/enayat/Documents/DeepEyeUnlocker/app/src/main/kotlin/com/deepeye/otg/usb/UsbLifecycleManager.kt:86:32 Unresolved reference 'UsbLifecycleState'.
e: file:///Users/enayat/Documents/DeepEyeUnlocker/app/src/main/kotlin/com/deepeye/otg/usb/UsbLifecycleManager.kt:115:36 Unresolved reference 'UsbLifecycleState'.
e: file:///Users/enayat/Documents/DeepEyeUnlocker/app/src/main/kotlin/com/deepeye/otg/usb/UsbLifecycleManager.kt:116:21 Unresolved reference 'UsbPermissionGuard'.
e: file:///Users/enayat/Documents/DeepEyeUnlocker/app/src/main/kotlin/com/deepeye/otg/usb/UsbLifecycleManager.kt:118:25 Unresolved reference 'UsbPermissionGuard'.
e: file:///Users/enayat/Documents/DeepEyeUnlocker/app/src/main/kotlin/com/deepeye/otg/usb/UsbLifecycleManager.kt:126:49 Unresolved reference 'UsbLifecycleState'.
e: file:///Users/enayat/Documents/DeepEyeUnlocker/app/src/main/kotlin/com/deepeye/otg/usb/UsbLifecycleManager.kt:131:48 Unresolved reference 'UsbLifecycleState'.
e: file:///Users/enayat/Documents/DeepEyeUnlocker/app/src/main/kotlin/com/deepeye/otg/usb/UsbLifecycleManager.kt:149:48 Unresolved reference 'UsbLifecycleState'.
e: file:///Users/enayat/Documents/DeepEyeUnlocker/app/src/main/kotlin/com/deepeye/otg/usb/UsbLifecycleManager.kt:150:48 Unresolved reference 'device'.
e: file:///Users/enayat/Documents/DeepEyeUnlocker/app/src/main/kotlin/com/deepeye/otg/usb/UsbLifecycleManager.kt:153:116 Unresolved reference 'device'.
e: file:///Users/enayat/Documents/DeepEyeUnlocker/app/src/main/kotlin/com/deepeye/otg/usb/UsbLifecycleManager.kt:175:36 Unresolved reference 'UsbSnapshotFactory'.
e: file:///Users/enayat/Documents/DeepEyeUnlocker/app/src/main/kotlin/com/deepeye/otg/usb/UsbLifecycleManager.kt:189:36 Unresolved reference 'UsbLifecycleState'.
e: file:///Users/enayat/Documents/DeepEyeUnlocker/app/src/main/kotlin/com/deepeye/otg/usb/UsbLifecycleManager.kt:215:32 Unresolved reference 'UsbLifecycleState'.
e: file:///Users/enayat/Documents/DeepEyeUnlocker/app/src/main/kotlin/com/deepeye/otg/usb/UsbLifecycleManager.kt:222:15 Unresolved reference 'ConnectionMode'.
e: file:///Users/enayat/Documents/DeepEyeUnlocker/app/src/main/kotlin/com/deepeye/otg/usb/UsbLifecycleManager.kt:224:19 Unresolved reference 'UsbDescriptorSnapshot'.
e: file:///Users/enayat/Documents/DeepEyeUnlocker/app/src/main/kotlin/com/deepeye/otg/usb/UsbLifecycleManager.kt:227:24 Unresolved reference 'UsbLifecycleState'.
e: file:///Users/enayat/Documents/DeepEyeUnlocker/app/src/main/kotlin/com/deepeye/otg/usb/UsbLifecycleManager.kt:234:20 Unresolved reference 'OemCompatibilityLayer'.
e: file:///Users/enayat/Documents/DeepEyeUnlocker/app/src/main/kotlin/com/deepeye/otg/usb/UsbLifecycleManager.kt:235:28 Unresolved reference 'UsbLifecycleState'.
e: file:///Users/enayat/Documents/DeepEyeUnlocker/app/src/main/kotlin/com/deepeye/otg/usb/UsbLifecycleManager.kt:239:25 Unresolved reference 'UsbEndpointResolver'.
e: file:///Users/enayat/Documents/DeepEyeUnlocker/app/src/main/kotlin/com/deepeye/otg/usb/UsbLifecycleManager.kt:241:28 Unresolved reference 'UsbLifecycleState'.
e: file:///Users/enayat/Documents/DeepEyeUnlocker/app/src/main/kotlin/com/deepeye/otg/usb/UsbLifecycleManager.kt:245:38 Unresolved reference 'usbInterface'.
e: file:///Users/enayat/Documents/DeepEyeUnlocker/app/src/main/kotlin/com/deepeye/otg/usb/UsbLifecycleManager.kt:254:28 Unresolved reference 'UsbLifecycleState'.
e: file:///Users/enayat/Documents/DeepEyeUnlocker/app/src/main/kotlin/com/deepeye/otg/usb/UsbLifecycleManager.kt:258:9 Unresolved reference 'OemCompatibilityLayer'.
e: file:///Users/enayat/Documents/DeepEyeUnlocker/app/src/main/kotlin/com/deepeye/otg/usb/UsbLifecycleManager.kt:264:25 Unresolved reference 'UsbTransferQueue'.
e: file:///Users/enayat/Documents/DeepEyeUnlocker/app/src/main/kotlin/com/deepeye/otg/usb/UsbLifecycleManager.kt:269:24 Unresolved reference 'UsbLifecycleState'.
e: file:///Users/enayat/Documents/DeepEyeUnlocker/app/src/main/kotlin/com/deepeye/otg/usb/UsbLifecycleManager.kt:299:41 Unresolved reference 'UsbLifecycleState'.
e: file:///Users/enayat/Documents/DeepEyeUnlocker/app/src/main/kotlin/com/deepeye/otg/usb/UsbLifecycleManager.kt:306:77 Unresolved reference 'ConnectionMode'.
e: file:///Users/enayat/Documents/DeepEyeUnlocker/app/src/main/kotlin/com/deepeye/otg/usb/UsbLifecycleManager.kt:310:40 Unresolved reference 'UsbLifecycleState'.
e: file:///Users/enayat/Documents/DeepEyeUnlocker/app/src/main/kotlin/com/deepeye/otg/usb/UsbLifecycleManager.kt:313:40 Unresolved reference 'UsbLifecycleState'.
e: file:///Users/enayat/Documents/DeepEyeUnlocker/app/src/main/kotlin/com/deepeye/otg/usb/UsbLifecycleManager.kt:326:24 Unresolved reference 'UsbLifecycleState'.
e: file:///Users/enayat/Documents/DeepEyeUnlocker/app/src/main/kotlin/com/deepeye/otg/usb/UsbLifecycleManager.kt:379:45 Unresolved reference 'UsbLifecycleState'.
e: file:///Users/enayat/Documents/DeepEyeUnlocker/app/src/main/kotlin/com/deepeye/otg/usb/UsbLifecycleManager.kt:379:75 Unresolved reference 'mode'.
e: file:///Users/enayat/Documents/DeepEyeUnlocker/app/src/main/kotlin/com/deepeye/otg/usb/UsbLifecycleManager.kt:383:28 Unresolved reference 'UsbLifecycleState'.
e: file:///Users/enayat/Documents/DeepEyeUnlocker/app/src/main/kotlin/com/deepeye/otg/usb/UsbLifecycleManager.kt:388:24 Unresolved reference 'UsbLifecycleState'.
e: file:///Users/enayat/Documents/DeepEyeUnlocker/app/src/main/kotlin/com/deepeye/otg/usb/UsbSessionManager.kt:6:24 Unresolved reference 'data'.
e: file:///Users/enayat/Documents/DeepEyeUnlocker/app/src/main/kotlin/com/deepeye/otg/usb/UsbSessionManager.kt:7:24 Unresolved reference 'data'.
e: file:///Users/enayat/Documents/DeepEyeUnlocker/app/src/main/kotlin/com/deepeye/otg/usb/UsbSessionManager.kt:8:24 Unresolved reference 'data'.
e: file:///Users/enayat/Documents/DeepEyeUnlocker/app/src/main/kotlin/com/deepeye/otg/usb/UsbSessionManager.kt:17:24 Unresolved reference 'UsbDeviceSignature'.
e: file:///Users/enayat/Documents/DeepEyeUnlocker/app/src/main/kotlin/com/deepeye/otg/usb/UsbSessionManager.kt:18:27 Unresolved reference 'ConnectionMode'.
e: file:///Users/enayat/Documents/DeepEyeUnlocker/app/src/main/kotlin/com/deepeye/otg/usb/UsbSessionManager.kt:26:19 Unresolved reference 'ConnectionMode'.
e: file:///Users/enayat/Documents/DeepEyeUnlocker/app/src/main/kotlin/com/deepeye/otg/usb/UsbSessionManager.kt:53:34 Unresolved reference 'ResolvedEndpoints'.
e: file:///Users/enayat/Documents/DeepEyeUnlocker/app/src/main/kotlin/com/deepeye/otg/usb/UsbSessionManager.kt:56:32 Unresolved reference 'UsbTransferQueue'.
e: file:///Users/enayat/Documents/DeepEyeUnlocker/app/src/main/kotlin/com/deepeye/otg/usb/UsbSessionManager.kt:57:27 Unresolved reference 'UsbConnectionWatchdog'.
e: file:///Users/enayat/Documents/DeepEyeUnlocker/app/src/main/kotlin/com/deepeye/otg/usb/UsbSessionManager.kt:65:13 Unresolved reference 'UsbLogger'.
e: file:///Users/enayat/Documents/DeepEyeUnlocker/app/src/main/kotlin/com/deepeye/otg/usb/UsbSessionManager.kt:77:9 Unresolved reference 'UsbLogger'.
e: file:///Users/enayat/Documents/DeepEyeUnlocker/app/src/main/kotlin/com/deepeye/otg/usb/UsbSessionManager.kt:87:25 Unresolved reference 'UsbDeviceDatabase'.
e: file:///Users/enayat/Documents/DeepEyeUnlocker/app/src/main/kotlin/com/deepeye/otg/usb/UsbSessionManager.kt:93:13 Unresolved reference 'UsbPermissionGuard'.
e: file:///Users/enayat/Documents/DeepEyeUnlocker/app/src/main/kotlin/com/deepeye/otg/usb/UsbSessionManager.kt:97:17 Unresolved reference 'UsbPermissionGuard'.
e: file:///Users/enayat/Documents/DeepEyeUnlocker/app/src/main/kotlin/com/deepeye/otg/usb/UsbSessionManager.kt:114:63 Unresolved reference 'ConnectionMode'.
e: file:///Users/enayat/Documents/DeepEyeUnlocker/app/src/main/kotlin/com/deepeye/otg/usb/UsbSessionManager.kt:115:24 Unresolved reference 'UsbSnapshotFactory'.
e: file:///Users/enayat/Documents/DeepEyeUnlocker/app/src/main/kotlin/com/deepeye/otg/usb/UsbSessionManager.kt:121:65 Unresolved reference 'ConnectionMode'.
e: file:///Users/enayat/Documents/DeepEyeUnlocker/app/src/main/kotlin/com/deepeye/otg/usb/UsbSessionManager.kt:126:34 Unresolved reference 'UsbPermissionGuard'.
e: file:///Users/enayat/Documents/DeepEyeUnlocker/app/src/main/kotlin/com/deepeye/otg/usb/UsbSessionManager.kt:132:33 Unresolved reference 'UsbEndpointResolver'.
e: file:///Users/enayat/Documents/DeepEyeUnlocker/app/src/main/kotlin/com/deepeye/otg/usb/UsbSessionManager.kt:133:43 Unresolved reference 'UsbEndpointResolver'.
e: file:///Users/enayat/Documents/DeepEyeUnlocker/app/src/main/kotlin/com/deepeye/otg/usb/UsbSessionManager.kt:139:58 Unresolved reference 'usbInterface'.
e: file:///Users/enayat/Documents/DeepEyeUnlocker/app/src/main/kotlin/com/deepeye/otg/usb/UsbSessionManager.kt:140:21 Unresolved reference 'UsbLogger'.
e: file:///Users/enayat/Documents/DeepEyeUnlocker/app/src/main/kotlin/com/deepeye/otg/usb/UsbSessionManager.kt:149:29 Unresolved reference 'UsbTransferQueue'.
e: file:///Users/enayat/Documents/DeepEyeUnlocker/app/src/main/kotlin/com/deepeye/otg/usb/UsbSessionManager.kt:153:27 Unresolved reference 'stop'.
e: file:///Users/enayat/Documents/DeepEyeUnlocker/app/src/main/kotlin/com/deepeye/otg/usb/UsbSessionManager.kt:154:27 Unresolved reference 'UsbConnectionWatchdog'.
e: file:///Users/enayat/Documents/DeepEyeUnlocker/app/src/main/kotlin/com/deepeye/otg/usb/UsbSessionManager.kt:157:43 Suspension functions can only be called within coroutine body.
e: file:///Users/enayat/Documents/DeepEyeUnlocker/app/src/main/kotlin/com/deepeye/otg/usb/UsbSessionManager.kt:162:17 Unresolved reference 'UsbLogger'.
e: file:///Users/enayat/Documents/DeepEyeUnlocker/app/src/main/kotlin/com/deepeye/otg/usb/UsbSessionManager.kt:166:17 Unresolved reference 'UsbLogger'.
e: file:///Users/enayat/Documents/DeepEyeUnlocker/app/src/main/kotlin/com/deepeye/otg/usb/UsbSessionManager.kt:201:23 Unresolved reference 'stop'.
e: file:///Users/enayat/Documents/DeepEyeUnlocker/app/src/main/kotlin/com/deepeye/otg/usb/UsbSessionManager.kt:202:30 Cannot infer type for this parameter. Please specify it explicitly.
e: file:///Users/enayat/Documents/DeepEyeUnlocker/app/src/main/kotlin/com/deepeye/otg/usb/UsbSessionManager.kt:202:30 Unresolved reference. None of the following candidates is applicable because of a receiver type mismatch:
fun <T, R> T.let(block: (T) -> R): R
    [R|Contract description]
     <
        CallsInPlace(block, EXACTLY_ONCE)
    >
e: file:///Users/enayat/Documents/DeepEyeUnlocker/app/src/main/kotlin/com/deepeye/otg/usb/UsbSessionManager.kt:202:34 Cannot infer type for this parameter. Please specify it explicitly.
e: file:///Users/enayat/Documents/DeepEyeUnlocker/app/src/main/kotlin/com/deepeye/otg/usb/UsbSessionManager.kt:202:74 Unresolved reference 'usbInterface'.
e: file:///Users/enayat/Documents/DeepEyeUnlocker/app/src/main/kotlin/com/deepeye/otg/usb/UsbSessionManager.kt:217:57 Unresolved reference 'write'.
e: file:///Users/enayat/Documents/DeepEyeUnlocker/app/src/main/kotlin/com/deepeye/otg/usb/UsbSessionManager.kt:218:12 Unresolved reference 'TransferResult'.
e: file:///Users/enayat/Documents/DeepEyeUnlocker/app/src/main/kotlin/com/deepeye/otg/usb/UsbSessionManager.kt:220:56 Unresolved reference 'read'.
e: file:///Users/enayat/Documents/DeepEyeUnlocker/app/src/main/kotlin/com/deepeye/otg/usb/UsbSessionManager.kt:221:12 Unresolved reference 'TransferResult'.
e: file:///Users/enayat/Documents/DeepEyeUnlocker/app/src/main/kotlin/com/deepeye/otg/usb/UsbSessionManager.kt:223:80 Unresolved reference 'exchange'.
e: file:///Users/enayat/Documents/DeepEyeUnlocker/app/src/main/kotlin/com/deepeye/otg/usb/UsbSessionManager.kt:224:12 Cannot infer type for this parameter. Please specify it explicitly.
e: file:///Users/enayat/Documents/DeepEyeUnlocker/app/src/main/kotlin/com/deepeye/otg/usb/UsbSessionManager.kt:224:17 Unresolved reference 'TransferResult'.
e: file:///Users/enayat/Documents/DeepEyeUnlocker/app/src/main/kotlin/com/deepeye/otg/usb/UsbSessionManager.kt:224:66 Unresolved reference 'TransferResult'.
e: file:///Users/enayat/Documents/DeepEyeUnlocker/app/src/main/kotlin/com/deepeye/otg/usb/UsbSessionManager.kt:226:42 Unresolved reference 'ConnectionHealth'.
e: file:///Users/enayat/Documents/DeepEyeUnlocker/app/src/main/kotlin/com/deepeye/otg/usb/UsbSessionManager.kt:226:73 Unresolved reference 'health'.
e: Daemon compilation failed: null
java.lang.Exception
	at org.jetbrains.kotlin.daemon.common.CompileService$CallResult$Error.get(CompileService.kt:69)
	at org.jetbrains.kotlin.daemon.common.CompileService$CallResult$Error.get(CompileService.kt:65)
	at org.jetbrains.kotlin.compilerRunner.GradleKotlinCompilerWork.compileWithDaemon(GradleKotlinCompilerWork.kt:240)
	at org.jetbrains.kotlin.compilerRunner.GradleKotlinCompilerWork.compileWithDaemonOrFallbackImpl(GradleKotlinCompilerWork.kt:159)
	at org.jetbrains.kotlin.compilerRunner.GradleKotlinCompilerWork.run(GradleKotlinCompilerWork.kt:111)
	at org.jetbrains.kotlin.compilerRunner.GradleCompilerRunnerWithWorkers$GradleKotlinCompilerWorkAction.execute(GradleCompilerRunnerWithWorkers.kt:76)
	at org.gradle.workers.internal.DefaultWorkerServer.execute(DefaultWorkerServer.java:63)
	at org.gradle.workers.internal.NoIsolationWorkerFactory$1$1.create(NoIsolationWorkerFactory.java:66)
	at org.gradle.workers.internal.NoIsolationWorkerFactory$1$1.create(NoIsolationWorkerFactory.java:62)
	at org.gradle.internal.classloader.ClassLoaderUtils.executeInClassloader(ClassLoaderUtils.java:100)
	at org.gradle.workers.internal.NoIsolationWorkerFactory$1.lambda$execute$0(NoIsolationWorkerFactory.java:62)
	at org.gradle.workers.internal.AbstractWorker$1.call(AbstractWorker.java:44)
	at org.gradle.workers.internal.AbstractWorker$1.call(AbstractWorker.java:41)
	at org.gradle.internal.operations.DefaultBuildOperationRunner$CallableBuildOperationWorker.execute(DefaultBuildOperationRunner.java:209)
	at org.gradle.internal.operations.DefaultBuildOperationRunner$CallableBuildOperationWorker.execute(DefaultBuildOperationRunner.java:204)
	at org.gradle.internal.operations.DefaultBuildOperationRunner$2.execute(DefaultBuildOperationRunner.java:66)
	at org.gradle.internal.operations.DefaultBuildOperationRunner$2.execute(DefaultBuildOperationRunner.java:59)
	at org.gradle.internal.operations.DefaultBuildOperationRunner.execute(DefaultBuildOperationRunner.java:166)
	at org.gradle.internal.operations.DefaultBuildOperationRunner.execute(DefaultBuildOperationRunner.java:59)
	at org.gradle.internal.operations.DefaultBuildOperationRunner.call(DefaultBuildOperationRunner.java:53)
	at org.gradle.workers.internal.AbstractWorker.executeWrappedInBuildOperation(AbstractWorker.java:41)
	at org.gradle.workers.internal.NoIsolationWorkerFactory$1.execute(NoIsolationWorkerFactory.java:59)
	at org.gradle.workers.internal.DefaultWorkerExecutor.lambda$submitWork$0(DefaultWorkerExecutor.java:174)
	at java.base/java.util.concurrent.FutureTask.run(FutureTask.java:264)
	at org.gradle.internal.work.DefaultConditionalExecutionQueue$ExecutionRunner.runExecution(DefaultConditionalExecutionQueue.java:194)
	at org.gradle.internal.work.DefaultConditionalExecutionQueue$ExecutionRunner.access$700(DefaultConditionalExecutionQueue.java:127)
	at org.gradle.internal.work.DefaultConditionalExecutionQueue$ExecutionRunner$1.run(DefaultConditionalExecutionQueue.java:169)
	at org.gradle.internal.Factories$1.create(Factories.java:31)
	at org.gradle.internal.work.DefaultWorkerLeaseService.withLocks(DefaultWorkerLeaseService.java:263)
	at org.gradle.internal.work.DefaultWorkerLeaseService.runAsWorkerThread(DefaultWorkerLeaseService.java:127)
	at org.gradle.internal.work.DefaultWorkerLeaseService.runAsWorkerThread(DefaultWorkerLeaseService.java:132)
	at org.gradle.internal.work.DefaultConditionalExecutionQueue$ExecutionRunner.runBatch(DefaultConditionalExecutionQueue.java:164)
	at org.gradle.internal.work.DefaultConditionalExecutionQueue$ExecutionRunner.run(DefaultConditionalExecutionQueue.java:133)
	at java.base/java.util.concurrent.Executors$RunnableAdapter.call(Executors.java:539)
	at java.base/java.util.concurrent.FutureTask.run(FutureTask.java:264)
	at org.gradle.internal.concurrent.ExecutorPolicy$CatchAndRecordFailures.onExecute(ExecutorPolicy.java:64)
	at org.gradle.internal.concurrent.AbstractManagedExecutor$1.run(AbstractManagedExecutor.java:48)
	at java.base/java.util.concurrent.ThreadPoolExecutor.runWorker(ThreadPoolExecutor.java:1136)
	at java.base/java.util.concurrent.ThreadPoolExecutor$Worker.run(ThreadPoolExecutor.java:635)
	at java.base/java.lang.Thread.run(Thread.java:840)
Caused by: java.nio.file.NoSuchFileException: /var/folders/sh/7qw4ws515cs5slk5jmcfqjw00000gp/T/kotlin-backups5405480369862041640/27.backup -> /Users/enayat/Documents/DeepEyeUnlocker/app/build/tmp/kotlin-classes/release/com/deepeye/otg/usb/UsbSessionManager$Companion.class
	at java.base/sun.nio.fs.UnixException.translateToIOException(UnixException.java:92)
	at java.base/sun.nio.fs.UnixException.rethrowAsIOException(UnixException.java:106)
	at java.base/sun.nio.fs.UnixCopyFile.move(UnixCopyFile.java:477)
	at java.base/sun.nio.fs.UnixFileSystemProvider.move(UnixFileSystemProvider.java:266)
	at java.base/java.nio.file.Files.move(Files.java:1432)
	at org.jetbrains.kotlin.incremental.RecoverableCompilationTransaction.revertChanges(CompilationTransaction.kt:231)
	at org.jetbrains.kotlin.incremental.RecoverableCompilationTransaction.close(CompilationTransaction.kt:256)
	at org.jetbrains.kotlin.incremental.IncrementalCompilerRunner.tryCompileIncrementally(IncrementalCompilerRunner.kt:747)
	at org.jetbrains.kotlin.incremental.IncrementalCompilerRunner.compile(IncrementalCompilerRunner.kt:120)
	at org.jetbrains.kotlin.daemon.CompileServiceImplBase.execIncrementalCompiler(CompileServiceImpl.kt:674)
	at org.jetbrains.kotlin.daemon.CompileServiceImplBase.access$execIncrementalCompiler(CompileServiceImpl.kt:91)
	at org.jetbrains.kotlin.daemon.CompileServiceImpl.compile(CompileServiceImpl.kt:1659)
	at java.base/jdk.internal.reflect.NativeMethodAccessorImpl.invoke0(Native Method)
	at java.base/jdk.internal.reflect.NativeMethodAccessorImpl.invoke(NativeMethodAccessorImpl.java:77)
	at java.base/jdk.internal.reflect.DelegatingMethodAccessorImpl.invoke(DelegatingMethodAccessorImpl.java:43)
	at java.base/java.lang.reflect.Method.invoke(Method.java:569)
	at java.rmi/sun.rmi.server.UnicastServerRef.dispatch(UnicastServerRef.java:360)
	at java.rmi/sun.rmi.transport.Transport$1.run(Transport.java:200)
	at java.rmi/sun.rmi.transport.Transport$1.run(Transport.java:197)
	at java.base/java.security.AccessController.doPrivileged(AccessController.java:712)
	at java.rmi/sun.rmi.transport.Transport.serviceCall(Transport.java:196)
	at java.rmi/sun.rmi.transport.tcp.TCPTransport.handleMessages(TCPTransport.java:587)
	at java.rmi/sun.rmi.transport.tcp.TCPTransport$ConnectionHandler.run0(TCPTransport.java:828)
	at java.rmi/sun.rmi.transport.tcp.TCPTransport$ConnectionHandler.lambda$run$0(TCPTransport.java:705)
	at java.base/java.security.AccessController.doPrivileged(AccessController.java:399)
	at java.rmi/sun.rmi.transport.tcp.TCPTransport$ConnectionHandler.run(TCPTransport.java:704)
	... 3 more

Failed to compile with Kotlin daemon: java.lang.Exception
	at org.jetbrains.kotlin.daemon.common.CompileService$CallResult$Error.get(CompileService.kt:69)
	at org.jetbrains.kotlin.daemon.common.CompileService$CallResult$Error.get(CompileService.kt:65)
	at org.jetbrains.kotlin.compilerRunner.GradleKotlinCompilerWork.compileWithDaemon(GradleKotlinCompilerWork.kt:240)
	at org.jetbrains.kotlin.compilerRunner.GradleKotlinCompilerWork.compileWithDaemonOrFallbackImpl(GradleKotlinCompilerWork.kt:159)
	at org.jetbrains.kotlin.compilerRunner.GradleKotlinCompilerWork.run(GradleKotlinCompilerWork.kt:111)
	at org.jetbrains.kotlin.compilerRunner.GradleCompilerRunnerWithWorkers$GradleKotlinCompilerWorkAction.execute(GradleCompilerRunnerWithWorkers.kt:76)
	at org.gradle.workers.internal.DefaultWorkerServer.execute(DefaultWorkerServer.java:63)
	at org.gradle.workers.internal.NoIsolationWorkerFactory$1$1.create(NoIsolationWorkerFactory.java:66)
	at org.gradle.workers.internal.NoIsolationWorkerFactory$1$1.create(NoIsolationWorkerFactory.java:62)
	at org.gradle.internal.classloader.ClassLoaderUtils.executeInClassloader(ClassLoaderUtils.java:100)
	at org.gradle.workers.internal.NoIsolationWorkerFactory$1.lambda$execute$0(NoIsolationWorkerFactory.java:62)
	at org.gradle.workers.internal.AbstractWorker$1.call(AbstractWorker.java:44)
	at org.gradle.workers.internal.AbstractWorker$1.call(AbstractWorker.java:41)
	at org.gradle.internal.operations.DefaultBuildOperationRunner$CallableBuildOperationWorker.execute(DefaultBuildOperationRunner.java:209)
	at org.gradle.internal.operations.DefaultBuildOperationRunner$CallableBuildOperationWorker.execute(DefaultBuildOperationRunner.java:204)
	at org.gradle.internal.operations.DefaultBuildOperationRunner$2.execute(DefaultBuildOperationRunner.java:66)
	at org.gradle.internal.operations.DefaultBuildOperationRunner$2.execute(DefaultBuildOperationRunner.java:59)
	at org.gradle.internal.operations.DefaultBuildOperationRunner.execute(DefaultBuildOperationRunner.java:166)
	at org.gradle.internal.operations.DefaultBuildOperationRunner.execute(DefaultBuildOperationRunner.java:59)
	at org.gradle.internal.operations.DefaultBuildOperationRunner.call(DefaultBuildOperationRunner.java:53)
	at org.gradle.workers.internal.AbstractWorker.executeWrappedInBuildOperation(AbstractWorker.java:41)
	at org.gradle.workers.internal.NoIsolationWorkerFactory$1.execute(NoIsolationWorkerFactory.java:59)
	at org.gradle.workers.internal.DefaultWorkerExecutor.lambda$submitWork$0(DefaultWorkerExecutor.java:174)
	at java.base/java.util.concurrent.FutureTask.run(FutureTask.java:264)
	at org.gradle.internal.work.DefaultConditionalExecutionQueue$ExecutionRunner.runExecution(DefaultConditionalExecutionQueue.java:194)
	at org.gradle.internal.work.DefaultConditionalExecutionQueue$ExecutionRunner.access$700(DefaultConditionalExecutionQueue.java:127)
	at org.gradle.internal.work.DefaultConditionalExecutionQueue$ExecutionRunner$1.run(DefaultConditionalExecutionQueue.java:169)
	at org.gradle.internal.Factories$1.create(Factories.java:31)
	at org.gradle.internal.work.DefaultWorkerLeaseService.withLocks(DefaultWorkerLeaseService.java:263)
	at org.gradle.internal.work.DefaultWorkerLeaseService.runAsWorkerThread(DefaultWorkerLeaseService.java:127)
	at org.gradle.internal.work.DefaultWorkerLeaseService.runAsWorkerThread(DefaultWorkerLeaseService.java:132)
	at org.gradle.internal.work.DefaultConditionalExecutionQueue$ExecutionRunner.runBatch(DefaultConditionalExecutionQueue.java:164)
	at org.gradle.internal.work.DefaultConditionalExecutionQueue$ExecutionRunner.run(DefaultConditionalExecutionQueue.java:133)
	at java.base/java.util.concurrent.Executors$RunnableAdapter.call(Executors.java:539)
	at java.base/java.util.concurrent.FutureTask.run(FutureTask.java:264)
	at org.gradle.internal.concurrent.ExecutorPolicy$CatchAndRecordFailures.onExecute(ExecutorPolicy.java:64)
	at org.gradle.internal.concurrent.AbstractManagedExecutor$1.run(AbstractManagedExecutor.java:48)
	at java.base/java.util.concurrent.ThreadPoolExecutor.runWorker(ThreadPoolExecutor.java:1136)
	at java.base/java.util.concurrent.ThreadPoolExecutor$Worker.run(ThreadPoolExecutor.java:635)
	at java.base/java.lang.Thread.run(Thread.java:840)
Caused by: java.nio.file.NoSuchFileException: /var/folders/sh/7qw4ws515cs5slk5jmcfqjw00000gp/T/kotlin-backups5405480369862041640/27.backup -> /Users/enayat/Documents/DeepEyeUnlocker/app/build/tmp/kotlin-classes/release/com/deepeye/otg/usb/UsbSessionManager$Companion.class
	at java.base/sun.nio.fs.UnixException.translateToIOException(UnixException.java:92)
	at java.base/sun.nio.fs.UnixException.rethrowAsIOException(UnixException.java:106)
	at java.base/sun.nio.fs.UnixCopyFile.move(UnixCopyFile.java:477)
	at java.base/sun.nio.fs.UnixFileSystemProvider.move(UnixFileSystemProvider.java:266)
	at java.base/java.nio.file.Files.move(Files.java:1432)
	at org.jetbrains.kotlin.incremental.RecoverableCompilationTransaction.revertChanges(CompilationTransaction.kt:231)
	at org.jetbrains.kotlin.incremental.RecoverableCompilationTransaction.close(CompilationTransaction.kt:256)
	at org.jetbrains.kotlin.incremental.IncrementalCompilerRunner.tryCompileIncrementally(IncrementalCompilerRunner.kt:747)
	at org.jetbrains.kotlin.incremental.IncrementalCompilerRunner.compile(IncrementalCompilerRunner.kt:120)
	at org.jetbrains.kotlin.daemon.CompileServiceImplBase.execIncrementalCompiler(CompileServiceImpl.kt:674)
	at org.jetbrains.kotlin.daemon.CompileServiceImplBase.access$execIncrementalCompiler(CompileServiceImpl.kt:91)
	at org.jetbrains.kotlin.daemon.CompileServiceImpl.compile(CompileServiceImpl.kt:1659)
	at java.base/jdk.internal.reflect.NativeMethodAccessorImpl.invoke0(Native Method)
	at java.base/jdk.internal.reflect.NativeMethodAccessorImpl.invoke(NativeMethodAccessorImpl.java:77)
	at java.base/jdk.internal.reflect.DelegatingMethodAccessorImpl.invoke(DelegatingMethodAccessorImpl.java:43)
	at java.base/java.lang.reflect.Method.invoke(Method.java:569)
	at java.rmi/sun.rmi.server.UnicastServerRef.dispatch(UnicastServerRef.java:360)
	at java.rmi/sun.rmi.transport.Transport$1.run(Transport.java:200)
	at java.rmi/sun.rmi.transport.Transport$1.run(Transport.java:197)
	at java.base/java.security.AccessController.doPrivileged(AccessController.java:712)
	at java.rmi/sun.rmi.transport.Transport.serviceCall(Transport.java:196)
	at java.rmi/sun.rmi.transport.tcp.TCPTransport.handleMessages(TCPTransport.java:587)
	at java.rmi/sun.rmi.transport.tcp.TCPTransport$ConnectionHandler.run0(TCPTransport.java:828)
	at java.rmi/sun.rmi.transport.tcp.TCPTransport$ConnectionHandler.lambda$run$0(TCPTransport.java:705)
	at java.base/java.security.AccessController.doPrivileged(AccessController.java:399)
	at java.rmi/sun.rmi.transport.tcp.TCPTransport$ConnectionHandler.run(TCPTransport.java:704)
	... 3 more
Using fallback strategy: Compile without Kotlin daemon
Try ./gradlew --stop if this issue persists
If it does not look related to your configuration, please file an issue with logs to https://kotl.in/issue
