Initialized native services in: /Users/enayat/.gradle/native
Initialized jansi services in: /Users/enayat/.gradle/native
To honour the JVM settings for this build a single-use Daemon process will be forked. For more on this, please refer to https://docs.gradle.org/8.12/userguide/gradle_daemon.html#sec:disabling_the_daemon in the Gradle documentation.
Starting process 'Gradle build daemon'. Working directory: /Users/enayat/.gradle/daemon/8.12 Command: /Library/Java/JavaVirtualMachines/temurin-17.jdk/Contents/Home/bin/java --add-opens=java.base/java.lang=ALL-UNNAMED --add-opens=java.base/java.lang.invoke=ALL-UNNAMED --add-opens=java.base/java.util=ALL-UNNAMED --add-opens=java.prefs/java.util.prefs=ALL-UNNAMED --add-exports=jdk.compiler/com.sun.tools.javac.api=ALL-UNNAMED --add-exports=jdk.compiler/com.sun.tools.javac.util=ALL-UNNAMED --add-opens=java.base/java.util=ALL-UNNAMED --add-opens=java.prefs/java.util.prefs=ALL-UNNAMED --add-opens=java.base/java.nio.charset=ALL-UNNAMED --add-opens=java.base/java.net=ALL-UNNAMED --add-opens=java.base/java.util.concurrent.atomic=ALL-UNNAMED --add-opens=java.xml/javax.xml.namespace=ALL-UNNAMED -Xmx4096m -Dfile.encoding=UTF-8 -Duser.country=US -Duser.language=en -Duser.variant -cp /Users/enayat/.gradle/wrapper/dists/gradle-8.12-bin/cetblhg4pflnnks72fxwobvgv/gradle-8.12/lib/gradle-daemon-main-8.12.jar -javaagent:/Users/enayat/.gradle/wrapper/dists/gradle-8.12-bin/cetblhg4pflnnks72fxwobvgv/gradle-8.12/lib/agents/gradle-instrumentation-agent-8.12.jar org.gradle.launcher.daemon.bootstrap.GradleDaemon 8.12
Successfully started process 'Gradle build daemon'
An attempt to start the daemon took 18.423 secs.
The client will now receive all logging from the daemon (pid: 40952). The daemon log file: /Users/enayat/.gradle/daemon/8.12/daemon-40952.out.log
Daemon will be stopped at the end of the build 
Using 4 worker leases.
Received JVM installation metadata from '/Library/Java/JavaVirtualMachines/temurin-17.jdk/Contents/Home': {JAVA_HOME=/Library/Java/JavaVirtualMachines/temurin-17.jdk/Contents/Home, JAVA_VERSION=17.0.18, JAVA_VENDOR=Eclipse Adoptium, RUNTIME_NAME=OpenJDK Runtime Environment, RUNTIME_VERSION=17.0.18+8, VM_NAME=OpenJDK 64-Bit Server VM, VM_VERSION=17.0.18+8, VM_VENDOR=Eclipse Adoptium, OS_ARCH=x86_64}
Watching the file system is configured to be enabled if available
Now considering [/Users/enayat/Documents/DeepEyeUnlocker] as hierarchies to watch
File system watching is active
Starting Build
Settings evaluated using settings file '/Users/enayat/Documents/DeepEyeUnlocker/settings.gradle.kts'.
Projects loaded. Root project using build file '/Users/enayat/Documents/DeepEyeUnlocker/build.gradle.kts'.
Included projects: [root project 'DeepEyeUnlocker', project ':app']

> Configure project :
Evaluating root project 'DeepEyeUnlocker' using build file '/Users/enayat/Documents/DeepEyeUnlocker/build.gradle.kts'.

> Configure project :app
Evaluating project ':app' using build file '/Users/enayat/Documents/DeepEyeUnlocker/app/build.gradle'.
Resolved plugin [id: 'com.android.application']
Resolved plugin [id: 'org.jetbrains.kotlin.android']
Resolved plugin [id: 'org.jetbrains.kotlin.plugin.compose']
Using default execution profile
Using Kotlin Gradle Plugin gradle85 variant
C/C++: android.ndkVersion from module build.gradle is [25.1.8937393]
C/C++: android.ndkPath from module build.gradle is not set
C/C++: ndk.dir in local.properties is not set
C/C++: Not considering ANDROID_NDK_HOME because support was removed after deprecation period.
C/C++: sdkFolder is /usr/local/share/android-commandlinetools
C/C++: android.ndkVersion from module build.gradle is [25.1.8937393]
C/C++: android.ndkPath from module build.gradle is not set
C/C++: ndk.dir in local.properties is not set
C/C++: Not considering ANDROID_NDK_HOME because support was removed after deprecation period.
C/C++: sdkFolder is /usr/local/share/android-commandlinetools
C/C++: android.ndkVersion from module build.gradle is [25.1.8937393]
C/C++: android.ndkPath from module build.gradle is not set
C/C++: ndk.dir in local.properties is not set
C/C++: Not considering ANDROID_NDK_HOME because support was removed after deprecation period.
C/C++: sdkFolder is /usr/local/share/android-commandlinetools
C/C++: android.ndkVersion from module build.gradle is [25.1.8937393]
C/C++: android.ndkPath from module build.gradle is not set
C/C++: ndk.dir in local.properties is not set
C/C++: Not considering ANDROID_NDK_HOME because support was removed after deprecation period.
C/C++: sdkFolder is /usr/local/share/android-commandlinetools
C/C++: android.ndkVersion from module build.gradle is [25.1.8937393]
C/C++: android.ndkPath from module build.gradle is not set
C/C++: ndk.dir in local.properties is not set
C/C++: Not considering ANDROID_NDK_HOME because support was removed after deprecation period.
C/C++: sdkFolder is /usr/local/share/android-commandlinetools
C/C++: android.ndkVersion from module build.gradle is [25.1.8937393]
C/C++: android.ndkPath from module build.gradle is not set
C/C++: ndk.dir in local.properties is not set
C/C++: Not considering ANDROID_NDK_HOME because support was removed after deprecation period.
C/C++: sdkFolder is /usr/local/share/android-commandlinetools
C/C++: android.ndkVersion from module build.gradle is [25.1.8937393]
C/C++: android.ndkPath from module build.gradle is not set
C/C++: ndk.dir in local.properties is not set
C/C++: Not considering ANDROID_NDK_HOME because support was removed after deprecation period.
C/C++: sdkFolder is /usr/local/share/android-commandlinetools
C/C++: android.ndkVersion from module build.gradle is [25.1.8937393]
C/C++: android.ndkPath from module build.gradle is not set
C/C++: ndk.dir in local.properties is not set
C/C++: Not considering ANDROID_NDK_HOME because support was removed after deprecation period.
C/C++: sdkFolder is /usr/local/share/android-commandlinetools
C/C++: android.ndkVersion from module build.gradle is [25.1.8937393]
C/C++: android.ndkPath from module build.gradle is not set
C/C++: ndk.dir in local.properties is not set
C/C++: Not considering ANDROID_NDK_HOME because support was removed after deprecation period.
C/C++: sdkFolder is /usr/local/share/android-commandlinetools
C/C++: android.ndkVersion from module build.gradle is [25.1.8937393]
C/C++: android.ndkPath from module build.gradle is not set
C/C++: ndk.dir in local.properties is not set
C/C++: Not considering ANDROID_NDK_HOME because support was removed after deprecation period.
C/C++: sdkFolder is /usr/local/share/android-commandlinetools
C/C++: android.ndkVersion from module build.gradle is [25.1.8937393]
C/C++: android.ndkPath from module build.gradle is not set
C/C++: ndk.dir in local.properties is not set
C/C++: Not considering ANDROID_NDK_HOME because support was removed after deprecation period.
C/C++: sdkFolder is /usr/local/share/android-commandlinetools
Parsed shrinker version: 8.2.47
Detected Android Gradle Plugin compose compiler configuration
Detected Android Gradle Plugin compose compiler configuration
Detected Android Gradle Plugin compose compiler configuration
Detected Android Gradle Plugin compose compiler configuration
Detected Android Gradle Plugin compose compiler configuration
All projects evaluated.
Task name matched 'assembleRelease'
Selected primary task 'assembleRelease' from project :
Warning: SDK processing. This version only understands SDK XML versions up to 3 but an SDK XML file of version 4 was encountered. This can happen if you use versions of Android Studio and the command-line tools that were released at different times.
Tasks to be executed: [task ':app:preBuild', task ':app:preReleaseBuild', task ':app:configureCMakeRelWithDebInfo[arm64-v8a]', task ':app:buildCMakeRelWithDebInfo[arm64-v8a]', task ':app:configureCMakeRelWithDebInfo[armeabi-v7a]', task ':app:buildCMakeRelWithDebInfo[armeabi-v7a]', task ':app:mergeReleaseJniLibFolders', task ':app:mergeReleaseNativeLibs', task ':app:stripReleaseDebugSymbols', task ':app:extractReleaseNativeSymbolTables', task ':app:mergeReleaseNativeDebugMetadata', task ':app:buildKotlinToolingMetadata', task ':app:checkReleaseDuplicateClasses', task ':app:checkKotlinGradlePluginConfigurationErrors', task ':app:generateReleaseBuildConfig', task ':app:checkReleaseAarMetadata', task ':app:generateReleaseResValues', task ':app:mapReleaseSourceSetPaths', task ':app:generateReleaseResources', task ':app:mergeReleaseResources', task ':app:packageReleaseResources', task ':app:parseReleaseLocalResources', task ':app:createReleaseCompatibleScreenManifests', task ':app:extractDeepLinksRelease', task ':app:processReleaseMainManifest', task ':app:processReleaseManifest', task ':app:processReleaseManifestForPackage', task ':app:processReleaseResources', task ':app:compileReleaseKotlin', task ':app:javaPreCompileRelease', task ':app:compileReleaseJavaWithJavac', task ':app:mergeReleaseArtProfile', task ':app:expandReleaseArtProfileWildcards', task ':app:extractProguardFiles', task ':app:mergeReleaseGeneratedProguardFiles', task ':app:processReleaseJavaRes', task ':app:mergeReleaseJavaResource', task ':app:minifyReleaseWithR8', task ':app:compileReleaseArtProfile', task ':app:mergeReleaseShaders', task ':app:compileReleaseShaders', task ':app:generateReleaseAssets', task ':app:mergeReleaseAssets', task ':app:compressReleaseAssets', task ':app:processApplicationManifestReleaseForBundle', task ':app:bundleReleaseResources', task ':app:shrinkReleaseRes', task ':app:optimizeReleaseResources', task ':app:collectReleaseDependencies', task ':app:sdkReleaseDependencyData', task ':app:validateSigningRelease', task ':app:writeReleaseAppMetadata', task ':app:writeReleaseSigningConfigVersions', task ':app:packageRelease', task ':app:createReleaseApkListingFileRedirect', task ':app:assembleRelease']
Tasks that were excluded: []
Resolve mutations for :app:preBuild (Thread[Execution worker,5,main]) started.
:app:preBuild (Thread[included builds,5,main]) started.

> Task :app:preBuild UP-TO-DATE
Skipping task ':app:preBuild' as it has no actions.
Resolve mutations for :app:preReleaseBuild (Thread[Execution worker,5,main]) started.
:app:preReleaseBuild (Thread[Execution worker,5,main]) started.

> Task :app:preReleaseBuild UP-TO-DATE
Skipping task ':app:preReleaseBuild' as it has no actions.
Resolve mutations for :app:configureCMakeRelWithDebInfo[arm64-v8a] (Thread[Execution worker,5,main]) started.
:app:configureCMakeRelWithDebInfo[arm64-v8a] (Thread[Execution worker,5,main]) started.

> Task :app:configureCMakeRelWithDebInfo[arm64-v8a]
Caching disabled for task ':app:configureCMakeRelWithDebInfo[arm64-v8a]' because:
  Build cache is disabled
  Caching has been disabled for the task
Task ':app:configureCMakeRelWithDebInfo[arm64-v8a]' is not up-to-date because:
  Task.upToDateWhen is false.
Not watching anything anymore
C/C++: Parsing /usr/local/share/android-commandlinetools/build-tools/34.0.0/package.xml
C/C++: Parsing /usr/local/share/android-commandlinetools/build-tools/35.0.0/package.xml
C/C++: Parsing /usr/local/share/android-commandlinetools/cmake/3.22.1/package.xml
C/C++: Parsing legacy package: /usr/local/share/android-commandlinetools/cmdline-tools/latest
C/C++: Parsing /usr/local/share/android-commandlinetools/ndk/25.1.8937393/package.xml
C/C++: Parsing /usr/local/share/android-commandlinetools/platform-tools/package.xml
C/C++: Parsing /usr/local/share/android-commandlinetools/platforms/android-34/package.xml
C/C++: Parsing /usr/local/share/android-commandlinetools/platforms/android-35/package.xml
C/C++: /Users/enayat/Documents/DeepEyeUnlocker/app/src/main/jni/CMakeLists.txt release|arm64-v8a : Start JSON generation. Platform version: 26 min SDK version: arm64-v8a
C/C++: /Users/enayat/Documents/DeepEyeUnlocker/app/src/main/jni/CMakeLists.txt release|arm64-v8a : JSON '/Users/enayat/Documents/DeepEyeUnlocker/app/.cxx/RelWithDebInfo/474d3161/arm64-v8a/android_gradle_build.json' was up-to-date
C/C++: /Users/enayat/Documents/DeepEyeUnlocker/app/src/main/jni/CMakeLists.txt release|arm64-v8a : JSON generation completed without problems
C/C++: /Users/enayat/Documents/DeepEyeUnlocker/app/src/main/jni/CMakeLists.txt release|arm64-v8a : Writing build model to /Users/enayat/Documents/DeepEyeUnlocker/app/build/intermediates/cxx/RelWithDebInfo/474d3161/logs/arm64-v8a/build_model.json
Resolve mutations for :app:buildCMakeRelWithDebInfo[arm64-v8a] (Thread[Execution worker,5,main]) started.
:app:buildCMakeRelWithDebInfo[arm64-v8a] (Thread[Execution worker,5,main]) started.

> Task :app:buildCMakeRelWithDebInfo[arm64-v8a]
Caching disabled for task ':app:buildCMakeRelWithDebInfo[arm64-v8a]' because:
  Build cache is disabled
  Caching has been disabled for the task
Task ':app:buildCMakeRelWithDebInfo[arm64-v8a]' is not up-to-date because:
  Task.upToDateWhen is false.
C/C++: starting build
C/C++: reading expected JSONs
C/C++: done reading expected JSONs
C/C++: executing build commands for targets that produce .so files or executables
C/C++: evaluate miniconfig
C/C++: evaluate library deepeye_core (arm64-v8a)
C/C++: building target library deepeye_core because no targets are specified.
C/C++: evaluate library usb_static (arm64-v8a)
C/C++: not building target library usb_static because static libraries are not build by default.
C/C++: about to build targets deepeye_core
C/C++: Build deepeye_core
C/C++: /usr/local/share/android-commandlinetools/cmake/3.22.1/bin/ninja \
  -C \
  /Users/enayat/Documents/DeepEyeUnlocker/app/.cxx/RelWithDebInfo/474d3161/arm64-v8a \
  deepeye_core

Starting process 'command '/usr/local/share/android-commandlinetools/cmake/3.22.1/bin/ninja''. Working directory: /Users/enayat/Documents/DeepEyeUnlocker Command: /usr/local/share/android-commandlinetools/cmake/3.22.1/bin/ninja -C /Users/enayat/Documents/DeepEyeUnlocker/app/.cxx/RelWithDebInfo/474d3161/arm64-v8a deepeye_core
Successfully started process 'command '/usr/local/share/android-commandlinetools/cmake/3.22.1/bin/ninja''
C/C++: Received process result: 0
C/C++: check expected build outputs
C/C++: build complete
Resolve mutations for :app:configureCMakeRelWithDebInfo[armeabi-v7a] (Thread[Execution worker,5,main]) started.
:app:configureCMakeRelWithDebInfo[armeabi-v7a] (Thread[Execution worker,5,main]) started.

> Task :app:configureCMakeRelWithDebInfo[armeabi-v7a]
Caching disabled for task ':app:configureCMakeRelWithDebInfo[armeabi-v7a]' because:
  Build cache is disabled
  Caching has been disabled for the task
Task ':app:configureCMakeRelWithDebInfo[armeabi-v7a]' is not up-to-date because:
  Task.upToDateWhen is false.
C/C++: /Users/enayat/Documents/DeepEyeUnlocker/app/src/main/jni/CMakeLists.txt release|armeabi-v7a : Start JSON generation. Platform version: 26 min SDK version: armeabi-v7a
C/C++: /Users/enayat/Documents/DeepEyeUnlocker/app/src/main/jni/CMakeLists.txt release|armeabi-v7a : JSON '/Users/enayat/Documents/DeepEyeUnlocker/app/.cxx/RelWithDebInfo/474d3161/armeabi-v7a/android_gradle_build.json' was up-to-date
C/C++: /Users/enayat/Documents/DeepEyeUnlocker/app/src/main/jni/CMakeLists.txt release|armeabi-v7a : JSON generation completed without problems
C/C++: /Users/enayat/Documents/DeepEyeUnlocker/app/src/main/jni/CMakeLists.txt release|armeabi-v7a : Writing build model to /Users/enayat/Documents/DeepEyeUnlocker/app/build/intermediates/cxx/RelWithDebInfo/474d3161/logs/armeabi-v7a/build_model.json
Resolve mutations for :app:buildCMakeRelWithDebInfo[armeabi-v7a] (Thread[Execution worker,5,main]) started.
:app:buildCMakeRelWithDebInfo[armeabi-v7a] (Thread[Execution worker,5,main]) started.

> Task :app:buildCMakeRelWithDebInfo[armeabi-v7a]
Caching disabled for task ':app:buildCMakeRelWithDebInfo[armeabi-v7a]' because:
  Build cache is disabled
  Caching has been disabled for the task
Task ':app:buildCMakeRelWithDebInfo[armeabi-v7a]' is not up-to-date because:
  Task.upToDateWhen is false.
C/C++: starting build
C/C++: reading expected JSONs
C/C++: done reading expected JSONs
C/C++: executing build commands for targets that produce .so files or executables
C/C++: evaluate miniconfig
C/C++: evaluate library deepeye_core (armeabi-v7a)
C/C++: building target library deepeye_core because no targets are specified.
C/C++: evaluate library usb_static (armeabi-v7a)
C/C++: not building target library usb_static because static libraries are not build by default.
C/C++: about to build targets deepeye_core
C/C++: Build deepeye_core
C/C++: /usr/local/share/android-commandlinetools/cmake/3.22.1/bin/ninja \
  -C \
  /Users/enayat/Documents/DeepEyeUnlocker/app/.cxx/RelWithDebInfo/474d3161/armeabi-v7a \
  deepeye_core

Starting process 'command '/usr/local/share/android-commandlinetools/cmake/3.22.1/bin/ninja''. Working directory: /Users/enayat/Documents/DeepEyeUnlocker Command: /usr/local/share/android-commandlinetools/cmake/3.22.1/bin/ninja -C /Users/enayat/Documents/DeepEyeUnlocker/app/.cxx/RelWithDebInfo/474d3161/armeabi-v7a deepeye_core
Successfully started process 'command '/usr/local/share/android-commandlinetools/cmake/3.22.1/bin/ninja''
C/C++: Received process result: 0
C/C++: check expected build outputs
C/C++: build complete
Resolve mutations for :app:mergeReleaseJniLibFolders (Thread[Execution worker,5,main]) started.
:app:mergeReleaseJniLibFolders (Thread[Execution worker,5,main]) started.

> Task :app:mergeReleaseJniLibFolders UP-TO-DATE
Caching disabled for task ':app:mergeReleaseJniLibFolders' because:
  Build cache is disabled
Skipping task ':app:mergeReleaseJniLibFolders' as it is up-to-date.
Resolve mutations for :app:mergeReleaseNativeLibs (Thread[Execution worker Thread 3,5,main]) started.
:app:mergeReleaseNativeLibs (Thread[Execution worker Thread 3,5,main]) started.

> Task :app:mergeReleaseNativeLibs UP-TO-DATE
Caching disabled for task ':app:mergeReleaseNativeLibs' because:
  Build cache is disabled
  Caching has been disabled for the task
Skipping task ':app:mergeReleaseNativeLibs' as it is up-to-date.
Resolve mutations for :app:stripReleaseDebugSymbols (Thread[Execution worker,5,main]) started.
:app:stripReleaseDebugSymbols (Thread[Execution worker,5,main]) started.

> Task :app:stripReleaseDebugSymbols UP-TO-DATE
Caching disabled for task ':app:stripReleaseDebugSymbols' because:
  Build cache is disabled
  Caching has been disabled for the task
Skipping task ':app:stripReleaseDebugSymbols' as it is up-to-date.
Resolve mutations for :app:extractReleaseNativeSymbolTables (Thread[Execution worker,5,main]) started.
:app:extractReleaseNativeSymbolTables (Thread[Execution worker,5,main]) started.

> Task :app:extractReleaseNativeSymbolTables UP-TO-DATE
Caching disabled for task ':app:extractReleaseNativeSymbolTables' because:
  Build cache is disabled
Skipping task ':app:extractReleaseNativeSymbolTables' as it is up-to-date.
Resolve mutations for :app:mergeReleaseNativeDebugMetadata (Thread[Execution worker,5,main]) started.
:app:mergeReleaseNativeDebugMetadata (Thread[Execution worker,5,main]) started.

> Task :app:mergeReleaseNativeDebugMetadata UP-TO-DATE
Caching disabled for task ':app:mergeReleaseNativeDebugMetadata' because:
  Build cache is disabled
  Caching has been disabled for the task
Skipping task ':app:mergeReleaseNativeDebugMetadata' as it is up-to-date.
Resolve mutations for :app:buildKotlinToolingMetadata (Thread[Execution worker,5,main]) started.
:app:buildKotlinToolingMetadata (Thread[Execution worker,5,main]) started.

> Task :app:buildKotlinToolingMetadata UP-TO-DATE
Caching disabled for task ':app:buildKotlinToolingMetadata' because:
  Build cache is disabled
  Caching has been disabled for the task
Skipping task ':app:buildKotlinToolingMetadata' as it is up-to-date.
Resolve mutations for :app:checkReleaseDuplicateClasses (Thread[Execution worker,5,main]) started.
:app:checkReleaseDuplicateClasses (Thread[Execution worker,5,main]) started.

> Task :app:checkReleaseDuplicateClasses UP-TO-DATE
Caching disabled for task ':app:checkReleaseDuplicateClasses' because:
  Build cache is disabled
  Caching has been disabled for the task
Skipping task ':app:checkReleaseDuplicateClasses' as it is up-to-date.
Resolve mutations for :app:checkKotlinGradlePluginConfigurationErrors (Thread[Execution worker Thread 2,5,main]) started.
:app:checkKotlinGradlePluginConfigurationErrors (Thread[Execution worker Thread 2,5,main]) started.

> Task :app:checkKotlinGradlePluginConfigurationErrors SKIPPED
Skipping task ':app:checkKotlinGradlePluginConfigurationErrors' as task onlyIf 'errorDiagnostics are present' is false.
Resolve mutations for :app:generateReleaseBuildConfig (Thread[Execution worker Thread 2,5,main]) started.
:app:generateReleaseBuildConfig (Thread[Execution worker Thread 2,5,main]) started.

> Task :app:generateReleaseBuildConfig UP-TO-DATE
Caching disabled for task ':app:generateReleaseBuildConfig' because:
  Build cache is disabled
Skipping task ':app:generateReleaseBuildConfig' as it is up-to-date.
Resolve mutations for :app:checkReleaseAarMetadata (Thread[Execution worker Thread 2,5,main]) started.
:app:checkReleaseAarMetadata (Thread[Execution worker Thread 2,5,main]) started.

> Task :app:checkReleaseAarMetadata UP-TO-DATE
Caching disabled for task ':app:checkReleaseAarMetadata' because:
  Build cache is disabled
  Caching has been disabled for the task
Skipping task ':app:checkReleaseAarMetadata' as it is up-to-date.
Resolve mutations for :app:generateReleaseResValues (Thread[Execution worker Thread 2,5,main]) started.
:app:generateReleaseResValues (Thread[Execution worker Thread 2,5,main]) started.

> Task :app:generateReleaseResValues UP-TO-DATE
Caching disabled for task ':app:generateReleaseResValues' because:
  Build cache is disabled
Skipping task ':app:generateReleaseResValues' as it is up-to-date.
Resolve mutations for :app:mapReleaseSourceSetPaths (Thread[Execution worker Thread 2,5,main]) started.
:app:mapReleaseSourceSetPaths (Thread[Execution worker Thread 2,5,main]) started.

> Task :app:mapReleaseSourceSetPaths UP-TO-DATE
Caching disabled for task ':app:mapReleaseSourceSetPaths' because:
  Build cache is disabled
  Caching has been disabled for the task
Skipping task ':app:mapReleaseSourceSetPaths' as it is up-to-date.
Resolve mutations for :app:generateReleaseResources (Thread[Execution worker Thread 2,5,main]) started.
:app:generateReleaseResources (Thread[Execution worker Thread 2,5,main]) started.

> Task :app:generateReleaseResources UP-TO-DATE
Skipping task ':app:generateReleaseResources' as it has no actions.
Resolve mutations for :app:mergeReleaseResources (Thread[Execution worker Thread 2,5,main]) started.
:app:mergeReleaseResources (Thread[Execution worker Thread 2,5,main]) started.

> Task :app:mergeReleaseResources UP-TO-DATE
Caching disabled for task ':app:mergeReleaseResources' because:
  Build cache is disabled
Skipping task ':app:mergeReleaseResources' as it is up-to-date.
Resolve mutations for :app:packageReleaseResources (Thread[Execution worker,5,main]) started.
:app:packageReleaseResources (Thread[Execution worker,5,main]) started.

> Task :app:packageReleaseResources UP-TO-DATE
Caching disabled for task ':app:packageReleaseResources' because:
  Build cache is disabled
Skipping task ':app:packageReleaseResources' as it is up-to-date.
Resolve mutations for :app:parseReleaseLocalResources (Thread[Execution worker,5,main]) started.
:app:parseReleaseLocalResources (Thread[Execution worker,5,main]) started.

> Task :app:parseReleaseLocalResources UP-TO-DATE
Caching disabled for task ':app:parseReleaseLocalResources' because:
  Build cache is disabled
Skipping task ':app:parseReleaseLocalResources' as it is up-to-date.
Resolve mutations for :app:createReleaseCompatibleScreenManifests (Thread[Execution worker,5,main]) started.
:app:createReleaseCompatibleScreenManifests (Thread[Execution worker,5,main]) started.

> Task :app:createReleaseCompatibleScreenManifests UP-TO-DATE
Caching disabled for task ':app:createReleaseCompatibleScreenManifests' because:
  Build cache is disabled
  Caching has been disabled for the task
Skipping task ':app:createReleaseCompatibleScreenManifests' as it is up-to-date.
Resolve mutations for :app:extractDeepLinksRelease (Thread[Execution worker,5,main]) started.
:app:extractDeepLinksRelease (Thread[Execution worker,5,main]) started.

> Task :app:extractDeepLinksRelease UP-TO-DATE
Caching disabled for task ':app:extractDeepLinksRelease' because:
  Build cache is disabled
Skipping task ':app:extractDeepLinksRelease' as it is up-to-date.
Resolve mutations for :app:processReleaseMainManifest (Thread[Execution worker,5,main]) started.
:app:processReleaseMainManifest (Thread[Execution worker,5,main]) started.

> Task :app:processReleaseMainManifest UP-TO-DATE
Caching disabled for task ':app:processReleaseMainManifest' because:
  Build cache is disabled
Skipping task ':app:processReleaseMainManifest' as it is up-to-date.
Resolve mutations for :app:processReleaseManifest (Thread[included builds,5,main]) started.
:app:processReleaseManifest (Thread[included builds,5,main]) started.

> Task :app:processReleaseManifest UP-TO-DATE
Caching disabled for task ':app:processReleaseManifest' because:
  Build cache is disabled
Skipping task ':app:processReleaseManifest' as it is up-to-date.
Resolve mutations for :app:processReleaseManifestForPackage (Thread[included builds,5,main]) started.
:app:processReleaseManifestForPackage (Thread[included builds,5,main]) started.

> Task :app:processReleaseManifestForPackage UP-TO-DATE
Custom actions are attached to task ':app:processReleaseManifestForPackage'.
Caching disabled for task ':app:processReleaseManifestForPackage' because:
  Build cache is disabled
Skipping task ':app:processReleaseManifestForPackage' as it is up-to-date.
Resolve mutations for :app:processReleaseResources (Thread[included builds,5,main]) started.
:app:processReleaseResources (Thread[Execution worker,5,main]) started.

> Task :app:processReleaseResources UP-TO-DATE
Caching disabled for task ':app:processReleaseResources' because:
  Build cache is disabled
Skipping task ':app:processReleaseResources' as it is up-to-date.
Resolve mutations for :app:compileReleaseKotlin (Thread[Execution worker,5,main]) started.
:app:compileReleaseKotlin (Thread[Execution worker,5,main]) started.

> Task :app:compileReleaseKotlin UP-TO-DATE
Caching disabled for task ':app:compileReleaseKotlin' because:
  Build cache is disabled
Skipping task ':app:compileReleaseKotlin' as it is up-to-date.
Resolve mutations for :app:javaPreCompileRelease (Thread[Execution worker Thread 2,5,main]) started.
:app:javaPreCompileRelease (Thread[Execution worker Thread 2,5,main]) started.

> Task :app:javaPreCompileRelease UP-TO-DATE
Caching disabled for task ':app:javaPreCompileRelease' because:
  Build cache is disabled
Skipping task ':app:javaPreCompileRelease' as it is up-to-date.
Resolve mutations for :app:compileReleaseJavaWithJavac (Thread[Execution worker,5,main]) started.
:app:compileReleaseJavaWithJavac (Thread[Execution worker,5,main]) started.

> Task :app:compileReleaseJavaWithJavac UP-TO-DATE
Custom actions are attached to task ':app:compileReleaseJavaWithJavac'.
Caching disabled for task ':app:compileReleaseJavaWithJavac' because:
  Build cache is disabled
Skipping task ':app:compileReleaseJavaWithJavac' as it is up-to-date.
No compile result for :app:compileReleaseJavaWithJavac
Resolve mutations for :app:mergeReleaseArtProfile (Thread[Execution worker,5,main]) started.
:app:mergeReleaseArtProfile (Thread[Execution worker,5,main]) started.

> Task :app:mergeReleaseArtProfile UP-TO-DATE
Caching disabled for task ':app:mergeReleaseArtProfile' because:
  Build cache is disabled
  Tasks that merge files into a directory/jar without further processing usually do not benefit from caching. Also, their outputs are usually large, which would consume a lot of space when cached.
Skipping task ':app:mergeReleaseArtProfile' as it is up-to-date.
Resolve mutations for :app:expandReleaseArtProfileWildcards (Thread[Execution worker Thread 2,5,main]) started.
:app:expandReleaseArtProfileWildcards (Thread[Execution worker Thread 2,5,main]) started.

> Task :app:expandReleaseArtProfileWildcards UP-TO-DATE
Caching disabled for task ':app:expandReleaseArtProfileWildcards' because:
  Build cache is disabled
Skipping task ':app:expandReleaseArtProfileWildcards' as it is up-to-date.
Resolve mutations for :app:extractProguardFiles (Thread[Execution worker Thread 2,5,main]) started.
:app:extractProguardFiles (Thread[Execution worker Thread 2,5,main]) started.

> Task :app:extractProguardFiles UP-TO-DATE
Caching disabled for task ':app:extractProguardFiles' because:
  Build cache is disabled
  Tasks that execute quickly usually do not benefit from caching.
Skipping task ':app:extractProguardFiles' as it is up-to-date.
Resolve mutations for :app:mergeReleaseGeneratedProguardFiles (Thread[included builds,5,main]) started.
:app:mergeReleaseGeneratedProguardFiles (Thread[included builds,5,main]) started.

> Task :app:mergeReleaseGeneratedProguardFiles UP-TO-DATE
Caching disabled for task ':app:mergeReleaseGeneratedProguardFiles' because:
  Build cache is disabled
  Tasks that merge files into a directory/jar without further processing usually do not benefit from caching. Also, their outputs are usually large, which would consume a lot of space when cached.
Skipping task ':app:mergeReleaseGeneratedProguardFiles' as it is up-to-date.
Resolve mutations for :app:processReleaseJavaRes (Thread[included builds,5,main]) started.
:app:processReleaseJavaRes (Thread[included builds,5,main]) started.

> Task :app:processReleaseJavaRes UP-TO-DATE
file or directory '/Users/enayat/Documents/DeepEyeUnlocker/app/src/main/resources', not found
file or directory '/Users/enayat/Documents/DeepEyeUnlocker/app/src/release/resources', not found
file or directory '/Users/enayat/Documents/DeepEyeUnlocker/app/src/main/resources', not found
file or directory '/Users/enayat/Documents/DeepEyeUnlocker/app/src/release/resources', not found
Caching disabled for task ':app:processReleaseJavaRes' because:
  Build cache is disabled
  Caching has been disabled for the task
Skipping task ':app:processReleaseJavaRes' as it is up-to-date.
Resolve mutations for :app:mergeReleaseJavaResource (Thread[included builds,5,main]) started.
:app:mergeReleaseJavaResource (Thread[included builds,5,main]) started.

> Task :app:mergeReleaseJavaResource UP-TO-DATE
Caching disabled for task ':app:mergeReleaseJavaResource' because:
  Build cache is disabled
  Caching has been disabled for the task
Skipping task ':app:mergeReleaseJavaResource' as it is up-to-date.
Resolve mutations for :app:minifyReleaseWithR8 (Thread[included builds,5,main]) started.
:app:minifyReleaseWithR8 (Thread[included builds,5,main]) started.
Resolve mutations for :app:mergeReleaseShaders (Thread[Execution worker Thread 2,5,main]) started.
:app:mergeReleaseShaders (Thread[Execution worker Thread 2,5,main]) started.

> Task :app:mergeReleaseShaders UP-TO-DATE
Caching disabled for task ':app:mergeReleaseShaders' because:
  Build cache is disabled
Skipping task ':app:mergeReleaseShaders' as it is up-to-date.
Resolve mutations for :app:compileReleaseShaders (Thread[Execution worker Thread 2,5,main]) started.
:app:compileReleaseShaders (Thread[Execution worker Thread 2,5,main]) started.

> Task :app:compileReleaseShaders NO-SOURCE
Skipping task ':app:compileReleaseShaders' as it has no source files and no previous output files.
Resolve mutations for :app:generateReleaseAssets (Thread[Execution worker Thread 2,5,main]) started.
:app:generateReleaseAssets (Thread[Execution worker Thread 2,5,main]) started.

> Task :app:generateReleaseAssets UP-TO-DATE
Skipping task ':app:generateReleaseAssets' as it has no actions.
Resolve mutations for :app:mergeReleaseAssets (Thread[Execution worker Thread 3,5,main]) started.
:app:mergeReleaseAssets (Thread[Execution worker Thread 3,5,main]) started.

> Task :app:mergeReleaseAssets UP-TO-DATE
Caching disabled for task ':app:mergeReleaseAssets' because:
  Build cache is disabled
Skipping task ':app:mergeReleaseAssets' as it is up-to-date.
Resolve mutations for :app:compressReleaseAssets (Thread[Execution worker Thread 3,5,main]) started.
:app:compressReleaseAssets (Thread[Execution worker Thread 3,5,main]) started.

> Task :app:compressReleaseAssets UP-TO-DATE
Caching disabled for task ':app:compressReleaseAssets' because:
  Build cache is disabled
Skipping task ':app:compressReleaseAssets' as it is up-to-date.
Resolve mutations for :app:processApplicationManifestReleaseForBundle (Thread[Execution worker Thread 3,5,main]) started.
:app:processApplicationManifestReleaseForBundle (Thread[Execution worker Thread 3,5,main]) started.

> Task :app:processApplicationManifestReleaseForBundle UP-TO-DATE
Caching disabled for task ':app:processApplicationManifestReleaseForBundle' because:
  Build cache is disabled
  Caching has been disabled for the task
Skipping task ':app:processApplicationManifestReleaseForBundle' as it is up-to-date.
Resolve mutations for :app:bundleReleaseResources (Thread[Execution worker Thread 3,5,main]) started.
:app:bundleReleaseResources (Thread[Execution worker Thread 3,5,main]) started.

> Task :app:bundleReleaseResources UP-TO-DATE
Caching disabled for task ':app:bundleReleaseResources' because:
  Build cache is disabled
Skipping task ':app:bundleReleaseResources' as it is up-to-date.
Resolve mutations for :app:collectReleaseDependencies (Thread[Execution worker Thread 3,5,main]) started.
:app:collectReleaseDependencies (Thread[Execution worker Thread 3,5,main]) started.

> Task :app:collectReleaseDependencies UP-TO-DATE
Caching disabled for task ':app:collectReleaseDependencies' because:
  Build cache is disabled
  Caching has been disabled for the task
Skipping task ':app:collectReleaseDependencies' as it is up-to-date.
Resolve mutations for :app:sdkReleaseDependencyData (Thread[Execution worker Thread 3,5,main]) started.
:app:sdkReleaseDependencyData (Thread[Execution worker Thread 2,5,main]) started.

> Task :app:sdkReleaseDependencyData UP-TO-DATE
Caching disabled for task ':app:sdkReleaseDependencyData' because:
  Build cache is disabled
  Caching has been disabled for the task
Skipping task ':app:sdkReleaseDependencyData' as it is up-to-date.
Resolve mutations for :app:validateSigningRelease (Thread[Execution worker Thread 2,5,main]) started.
:app:validateSigningRelease (Thread[Execution worker Thread 2,5,main]) started.

> Task :app:validateSigningRelease UP-TO-DATE
Caching disabled for task ':app:validateSigningRelease' because:
  Build cache is disabled
  Caching has been disabled for the task
Skipping task ':app:validateSigningRelease' as it is up-to-date.
Resolve mutations for :app:writeReleaseAppMetadata (Thread[Execution worker Thread 2,5,main]) started.
:app:writeReleaseAppMetadata (Thread[Execution worker Thread 2,5,main]) started.

> Task :app:writeReleaseAppMetadata UP-TO-DATE
Caching disabled for task ':app:writeReleaseAppMetadata' because:
  Build cache is disabled
  Caching has been disabled for the task
Skipping task ':app:writeReleaseAppMetadata' as it is up-to-date.
Resolve mutations for :app:writeReleaseSigningConfigVersions (Thread[Execution worker Thread 2,5,main]) started.
:app:writeReleaseSigningConfigVersions (Thread[Execution worker Thread 2,5,main]) started.

> Task :app:writeReleaseSigningConfigVersions UP-TO-DATE
Caching disabled for task ':app:writeReleaseSigningConfigVersions' because:
  Build cache is disabled
  Caching has been disabled for the task
Skipping task ':app:writeReleaseSigningConfigVersions' as it is up-to-date.

> Task :app:minifyReleaseWithR8
Caching disabled for task ':app:minifyReleaseWithR8' because:
  Build cache is disabled
  Gradle does not know how file 'build/outputs/mapping/release/seeds.txt' was created (output property 'proguardSeedsOutput'). Task output caching requires exclusive access to output paths to guarantee correctness (i.e. multiple tasks are not allowed to produce output in the same location).
Task ':app:minifyReleaseWithR8' is not up-to-date because:
  Output property 'mappingFile' file /Users/enayat/Documents/DeepEyeUnlocker/app/build/outputs/mapping/release/mapping.txt has been removed.
  Output property 'outputArtProfile' file /Users/enayat/Documents/DeepEyeUnlocker/app/build/intermediates/merged_art_profile/release/baseline-prof.txt has been removed.
  Output property 'outputDex' file /Users/enayat/Documents/DeepEyeUnlocker/app/build/intermediates/dex/release/minifyReleaseWithR8/classes.dex has been removed.
  and more...
R8 is a new Android code shrinker. If you experience any issues, please file a bug at
https://issuetracker.google.com, using 'Shrinker (R8)' as component name.
Current version is: 8.2.47 (build 62baf24ba2b71f4e5bc04c7f01930bc5d47b02be from go/r8bot (luci-r8-custom-ci-archive-0-19z6)).

file or directory '/Users/enayat/Documents/DeepEyeUnlocker/app/build/intermediates/generated_proguard_file/release/proguard.txt', not found
INFO: /Users/enayat/Documents/DeepEyeUnlocker/app/build/intermediates/default_proguard_files/global/proguard-android-optimize.txt-8.2.2:15:1-15: R8: Ignoring option: -optimizations
INFO: /Users/enayat/Documents/DeepEyeUnlocker/app/build/intermediates/default_proguard_files/global/proguard-android-optimize.txt-8.2.2:16:1-22: R8: Ignoring option: -optimizationpasses
INFO: /Users/enayat/Documents/DeepEyeUnlocker/app/build/intermediates/default_proguard_files/global/proguard-android-optimize.txt-8.2.2:32:1-33:1: R8: Proguard configuration rule does not match anything: `-keep public class com.google.vending.licensing.ILicensingService {
  <init>();
}`
INFO: /Users/enayat/Documents/DeepEyeUnlocker/app/build/intermediates/default_proguard_files/global/proguard-android-optimize.txt-8.2.2:33:1-34:1: R8: Proguard configuration rule does not match anything: `-keep public class com.android.vending.licensing.ILicensingService {
  <init>();
}`
INFO: /Users/enayat/Documents/DeepEyeUnlocker/app/build/intermediates/default_proguard_files/global/proguard-android-optimize.txt-8.2.2:34:1-35:1: R8: Proguard configuration rule does not match anything: `-keep public class com.google.android.vending.licensing.ILicensingService {
  <init>();
}`
INFO: /Users/enayat/Documents/DeepEyeUnlocker/app/build/intermediates/default_proguard_files/global/proguard-android-optimize.txt-8.2.2:66:1-68:2: R8: Proguard configuration rule does not match anything: `-keepclassmembers class * {
  @android.webkit.JavascriptInterface <methods>;
}`
INFO: /Users/enayat/Documents/DeepEyeUnlocker/app/build/intermediates/default_proguard_files/global/proguard-android-optimize.txt-8.2.2:82:1-83:1: R8: Proguard configuration rule does not match anything: `-keep class android.support.annotation.Keep {
  <init>();
}`
INFO: /Users/enayat/Documents/DeepEyeUnlocker/app/build/intermediates/default_proguard_files/global/proguard-android-optimize.txt-8.2.2:85:1-52: R8: Proguard configuration rule does not match anything: `-keep @android.support.annotation.Keep class * {
  *;
}`
INFO: /Users/enayat/Documents/DeepEyeUnlocker/app/build/intermediates/default_proguard_files/global/proguard-android-optimize.txt-8.2.2:86:1-45: R8: Proguard configuration rule does not match anything: `-keep @androidx.annotation.Keep class * {
  *;
}`
INFO: /Users/enayat/Documents/DeepEyeUnlocker/app/build/intermediates/default_proguard_files/global/proguard-android-optimize.txt-8.2.2:88:1-90:2: R8: Proguard configuration rule does not match anything: `-keepclasseswithmembers class * {
  @android.support.annotation.Keep <methods>;
}`
INFO: /Users/enayat/Documents/DeepEyeUnlocker/app/build/intermediates/default_proguard_files/global/proguard-android-optimize.txt-8.2.2:92:1-94:2: R8: Proguard configuration rule does not match anything: `-keepclasseswithmembers class * {
  @androidx.annotation.Keep <methods>;
}`
INFO: /Users/enayat/Documents/DeepEyeUnlocker/app/build/intermediates/default_proguard_files/global/proguard-android-optimize.txt-8.2.2:96:1-98:2: R8: Proguard configuration rule does not match anything: `-keepclasseswithmembers class * {
  @android.support.annotation.Keep <fields>;
}`
INFO: /Users/enayat/Documents/DeepEyeUnlocker/app/build/intermediates/default_proguard_files/global/proguard-android-optimize.txt-8.2.2:100:1-102:2: R8: Proguard configuration rule does not match anything: `-keepclasseswithmembers class * {
  @androidx.annotation.Keep <fields>;
}`
INFO: /Users/enayat/Documents/DeepEyeUnlocker/app/build/intermediates/default_proguard_files/global/proguard-android-optimize.txt-8.2.2:104:1-106:2: R8: Proguard configuration rule does not match anything: `-keepclasseswithmembers class * {
  @android.support.annotation.Keep <init>(...);
}`
INFO: /Users/enayat/Documents/DeepEyeUnlocker/app/build/intermediates/default_proguard_files/global/proguard-android-optimize.txt-8.2.2:108:1-110:2: R8: Proguard configuration rule does not match anything: `-keepclasseswithmembers class * {
  @androidx.annotation.Keep <init>(...);
}`
INFO: /Users/enayat/Documents/DeepEyeUnlocker/app/build/intermediates/aapt_proguard_file/release/aapt_rules.txt:10:1-97: R8: Proguard configuration rule does not match anything: `-keep class android.widget.Space {
  <init>(android.content.Context,android.util.AttributeSet);
}`
INFO: /Users/enayat/.gradle/caches/8.12/transforms/9f4d9cf2b2f0ec2590ab84099ce500d6/transformed/jetified-lifecycle-viewmodel-release/proguard.txt:5:1-7:2: R8: Proguard configuration rule does not match anything: `-keepclassmembers,allowrepackaging,allowobfuscation class * extends androidx.lifecycle.AndroidViewModel {
  <init>(android.app.Application);
}`
INFO: /Users/enayat/.gradle/caches/8.12/transforms/f1748a7ada9a2630ae186fc79eecc7b8/transformed/jetified-lifecycle-runtime-release/proguard.txt:10:1-12:2: R8: Proguard configuration rule does not match anything: `-keep class * implements androidx.lifecycle.GeneratedAdapter {
  <init>(...);
}`
INFO: /Users/enayat/.gradle/caches/8.12/transforms/f1748a7ada9a2630ae186fc79eecc7b8/transformed/jetified-lifecycle-runtime-release/proguard.txt:14:1-16:2: R8: Proguard configuration rule does not match anything: `-keepclassmembers class ** {
  @androidx.lifecycle.OnLifecycleEvent *;
}`
INFO: /Users/enayat/.gradle/caches/8.12/transforms/25a55c0bf0c81dfd9854b6f4c31e1826/transformed/jetified-lifecycle-viewmodel-savedstate-2.8.5/proguard.txt:1:1-3:2: R8: Proguard configuration rule does not match anything: `-keepclassmembers,allowrepackaging,allowobfuscation class * extends androidx.lifecycle.ViewModel {
  <init>(androidx.lifecycle.SavedStateHandle);
}`
INFO: /Users/enayat/.gradle/caches/8.12/transforms/25a55c0bf0c81dfd9854b6f4c31e1826/transformed/jetified-lifecycle-viewmodel-savedstate-2.8.5/proguard.txt:5:1-7:2: R8: Proguard configuration rule does not match anything: `-keepclassmembers,allowrepackaging,allowobfuscation class * extends androidx.lifecycle.AndroidViewModel {
  <init>(android.app.Application,androidx.lifecycle.SavedStateHandle);
}`
INFO: /Users/enayat/.gradle/caches/8.12/transforms/4dea58aa995d1b81a67a1c56d91f6f45/transformed/jetified-foundation-release-runtime.jar: R8: Invalid signature 'Landroidx/compose/foundation/gestures/AnchoredDraggableState$anchoredDragScope$1<TT;>;' for field androidx.compose.foundation.gestures.AnchoredDraggableState$anchoredDragScope$1 androidx.compose.foundation.gestures.AnchoredDraggableState.anchoredDragScope.
Validation error: The applied generic arguments have different count than the expected formals.
Signature is ignored and will not be present in the output.
INFO: /Users/enayat/.gradle/caches/8.12/transforms/4dea58aa995d1b81a67a1c56d91f6f45/transformed/jetified-foundation-release-runtime.jar: R8: Invalid signature '(TT;)Ljava/lang/Void;' for method java.lang.Void androidx.compose.foundation.lazy.grid.LazyGridDslKt$items$6.invoke(java.lang.Object).
Validation error: A type variable is not in scope.
Signature is ignored and will not be present in the output.
INFO: /Users/enayat/.gradle/caches/8.12/transforms/1982afc0a74c8b6c9fef22ad4bbe6390/transformed/jetified-material3-release-runtime.jar: R8: Invalid signature '(Landroidx/compose/material3/internal/AnchoredDraggableState$draggableState$1<TT;>;Lkotlin/jvm/functions/Function2<-Landroidx/compose/foundation/gestures/DragScope;-Lkotlin/coroutines/Continuation<-Lkotlin/Unit;>;+Ljava/lang/Object;>;Lkotlin/coroutines/Continuation<-Landroidx/compose/material3/internal/AnchoredDraggableState$draggableState$1$drag$2;>;)V' for method void androidx.compose.material3.internal.AnchoredDraggableState$draggableState$1$drag$2.<init>(androidx.compose.material3.internal.AnchoredDraggableState$draggableState$1, kotlin.jvm.functions.Function2, kotlin.coroutines.Continuation).
Validation error: The applied generic arguments have different count than the expected formals.
Signature is ignored and will not be present in the output.
INFO: /Users/enayat/.gradle/caches/8.12/transforms/1982afc0a74c8b6c9fef22ad4bbe6390/transformed/jetified-material3-release-runtime.jar: R8: Invalid signature 'Landroidx/compose/material3/internal/AnchoredDraggableState$draggableState$1<TT;>;' for field androidx.compose.material3.internal.AnchoredDraggableState$draggableState$1 androidx.compose.material3.internal.AnchoredDraggableState$draggableState$1$drag$2.this$0.
Validation error: The applied generic arguments have different count than the expected formals.
Signature is ignored and will not be present in the output.
INFO: /Users/enayat/.gradle/caches/8.12/transforms/25b818cfe8bd1be7bcf8f1ebd23f106b/transformed/jetified-animation-core-release-runtime.jar: R8: Invalid signature 'Lkotlin/jvm/internal/Lambda;Lkotlin/jvm/functions/Function1<Landroidx/compose/animation/core/AnimationScope<TT;TV;>;Lkotlin/Unit;>;' for class androidx.compose.animation.core.SuspendAnimationKt$animateDecay$4.
Validation error: A type variable is not in scope.
Signature is ignored and will not be present in the output.
INFO: /Users/enayat/.gradle/caches/8.12/transforms/25b818cfe8bd1be7bcf8f1ebd23f106b/transformed/jetified-animation-core-release-runtime.jar: R8: Invalid signature '(Landroidx/compose/animation/core/AnimationScope<TT;TV;>;)V' for method void androidx.compose.animation.core.SuspendAnimationKt$animateDecay$4.invoke(androidx.compose.animation.core.AnimationScope).
Validation error: A type variable is not in scope.
Signature is ignored and will not be present in the output.
INFO: /Users/enayat/.gradle/caches/8.12/transforms/86ffb935d57279d6007c85e7e5b4390e/transformed/jetified-ui-release-runtime.jar: R8: Invalid signature '(Landroidx/compose/ui/platform/PlatformTextInputSessionScope;Ljava/util/concurrent/atomic/AtomicReference<Landroidx/compose/ui/SessionMutex$Session<TT;>;>;Landroidx/compose/ui/platform/ChainedPlatformTextInputInterceptor;)V' for method void androidx.compose.ui.platform.ChainedPlatformTextInputInterceptor$textInputSession$2$scope$1.<init>(androidx.compose.ui.platform.PlatformTextInputSessionScope, java.util.concurrent.atomic.AtomicReference, androidx.compose.ui.platform.ChainedPlatformTextInputInterceptor).
Validation error: A type variable is not in scope.
Signature is ignored and will not be present in the output.
INFO: /Users/enayat/.gradle/caches/8.12/transforms/86ffb935d57279d6007c85e7e5b4390e/transformed/jetified-ui-release-runtime.jar: R8: Invalid signature 'Ljava/util/concurrent/atomic/AtomicReference<Landroidx/compose/ui/SessionMutex$Session<TT;>;>;' for field java.util.concurrent.atomic.AtomicReference androidx.compose.ui.platform.ChainedPlatformTextInputInterceptor$textInputSession$2$scope$1.$inputMethodMutex.
Validation error: A type variable is not in scope.
Signature is ignored and will not be present in the output.
INFO: /Users/enayat/.gradle/caches/8.12/transforms/4dea58aa995d1b81a67a1c56d91f6f45/transformed/jetified-foundation-release-runtime.jar: R8: Invalid signature '(ITT;)Ljava/lang/Void;' for method java.lang.Void androidx.compose.foundation.lazy.LazyDslKt$itemsIndexed$1.invoke(int, java.lang.Object).
Validation error: A type variable is not in scope.
Signature is ignored and will not be present in the output.
INFO: /Users/enayat/.gradle/caches/8.12/transforms/1982afc0a74c8b6c9fef22ad4bbe6390/transformed/jetified-material3-release-runtime.jar: R8: Invalid signature 'Landroidx/compose/material3/internal/AnchoredDraggableState$draggableState$1$dragScope$1<TT;>;' for field androidx.compose.material3.internal.AnchoredDraggableState$draggableState$1$dragScope$1 androidx.compose.material3.internal.AnchoredDraggableState$draggableState$1.dragScope.
Validation error: The applied generic arguments have different count than the expected formals.
Signature is ignored and will not be present in the output.
INFO: /Users/enayat/.gradle/caches/8.12/transforms/4dea58aa995d1b81a67a1c56d91f6f45/transformed/jetified-foundation-release-runtime.jar: R8: Invalid signature '(ITT;)Ljava/lang/Void;' for method java.lang.Void androidx.compose.foundation.lazy.grid.LazyGridDslKt$itemsIndexed$6.invoke(int, java.lang.Object).
Validation error: A type variable is not in scope.
Signature is ignored and will not be present in the output.
INFO: /Users/enayat/.gradle/caches/8.12/transforms/4dea58aa995d1b81a67a1c56d91f6f45/transformed/jetified-foundation-release-runtime.jar: R8: Invalid signature '(ITT;)Ljava/lang/Void;' for method java.lang.Void androidx.compose.foundation.lazy.staggeredgrid.LazyStaggeredGridDslKt$itemsIndexed$6.invoke(int, java.lang.Object).
Validation error: A type variable is not in scope.
Signature is ignored and will not be present in the output.
INFO: /Users/enayat/.gradle/caches/8.12/transforms/4dea58aa995d1b81a67a1c56d91f6f45/transformed/jetified-foundation-release-runtime.jar: R8: Invalid signature '(ITT;)Ljava/lang/Void;' for method java.lang.Void androidx.compose.foundation.lazy.staggeredgrid.LazyStaggeredGridDslKt$itemsIndexed$1.invoke(int, java.lang.Object).
Validation error: A type variable is not in scope.
Signature is ignored and will not be present in the output.
INFO: /Users/enayat/.gradle/caches/8.12/transforms/4dea58aa995d1b81a67a1c56d91f6f45/transformed/jetified-foundation-release-runtime.jar: R8: Invalid signature '(ITT;)Ljava/lang/Void;' for method java.lang.Void androidx.compose.foundation.lazy.grid.LazyGridDslKt$itemsIndexed$1.invoke(int, java.lang.Object).
Validation error: A type variable is not in scope.
Signature is ignored and will not be present in the output.
INFO: /Users/enayat/.gradle/caches/8.12/transforms/d2328b346bed9901c87d1c20443a182c/transformed/jetified-runtime-release-runtime.jar: R8: Invalid signature '()Landroidx/collection/MutableScatterMap<TK;Ljava/lang/Object;>;' for method androidx.collection.MutableScatterMap androidx.compose.runtime.Pending.getKeyMap-SAeQiB4().
Validation error: A type variable is not in scope.
Signature is ignored and will not be present in the output.
INFO: /Users/enayat/.gradle/caches/8.12/transforms/86ffb935d57279d6007c85e7e5b4390e/transformed/jetified-ui-release-runtime.jar: R8: Invalid signature 'Ljava/util/concurrent/atomic/AtomicReference<Landroidx/compose/ui/SessionMutex$Session<TT;>;>;' for field java.util.concurrent.atomic.AtomicReference androidx.compose.ui.platform.AndroidPlatformTextInputSession.methodSessionMutex.
Validation error: A type variable is not in scope.
Signature is ignored and will not be present in the output.
INFO: /Users/enayat/.gradle/caches/8.12/transforms/4dea58aa995d1b81a67a1c56d91f6f45/transformed/jetified-foundation-release-runtime.jar: R8: Invalid signature '(TT;)Ljava/lang/Void;' for method java.lang.Void androidx.compose.foundation.lazy.LazyDslKt$items$1.invoke(java.lang.Object).
Validation error: A type variable is not in scope.
Signature is ignored and will not be present in the output.
INFO: /Users/enayat/.gradle/caches/8.12/transforms/4dea58aa995d1b81a67a1c56d91f6f45/transformed/jetified-foundation-release-runtime.jar: R8: Invalid signature '(TT;)Ljava/lang/Void;' for method java.lang.Void androidx.compose.foundation.lazy.LazyDslKt$items$5.invoke(java.lang.Object).
Validation error: A type variable is not in scope.
Signature is ignored and will not be present in the output.
INFO: /Users/enayat/.gradle/caches/8.12/transforms/4dea58aa995d1b81a67a1c56d91f6f45/transformed/jetified-foundation-release-runtime.jar: R8: Invalid signature '(TT;)Ljava/lang/Void;' for method java.lang.Void androidx.compose.foundation.lazy.staggeredgrid.LazyStaggeredGridDslKt$items$1.invoke(java.lang.Object).
Validation error: A type variable is not in scope.
Signature is ignored and will not be present in the output.
INFO: /Users/enayat/.gradle/caches/8.12/transforms/4dea58aa995d1b81a67a1c56d91f6f45/transformed/jetified-foundation-release-runtime.jar: R8: Invalid signature '(TT;)Ljava/lang/Void;' for method java.lang.Void androidx.compose.foundation.lazy.staggeredgrid.LazyStaggeredGridDslKt$items$6.invoke(java.lang.Object).
Validation error: A type variable is not in scope.
Signature is ignored and will not be present in the output.
INFO: /Users/enayat/.gradle/caches/8.12/transforms/25b818cfe8bd1be7bcf8f1ebd23f106b/transformed/jetified-animation-core-release-runtime.jar: R8: Invalid signature 'Lkotlin/jvm/internal/Lambda;Lkotlin/jvm/functions/Function1<Landroidx/compose/animation/core/AnimationScope<TT;TV;>;Lkotlin/Unit;>;' for class androidx.compose.animation.core.SuspendAnimationKt$animate$5.
Validation error: A type variable is not in scope.
Signature is ignored and will not be present in the output.
INFO: /Users/enayat/.gradle/caches/8.12/transforms/25b818cfe8bd1be7bcf8f1ebd23f106b/transformed/jetified-animation-core-release-runtime.jar: R8: Invalid signature '(Landroidx/compose/animation/core/AnimationScope<TT;TV;>;)V' for method void androidx.compose.animation.core.SuspendAnimationKt$animate$5.invoke(androidx.compose.animation.core.AnimationScope).
Validation error: A type variable is not in scope.
Signature is ignored and will not be present in the output.
INFO: /Users/enayat/.gradle/caches/8.12/transforms/7d1023349f2e07967e0ee287929be78c/transformed/jetified-animation-release-runtime.jar: R8: Invalid signature '(TT;Landroidx/compose/ui/Modifier;Landroidx/compose/animation/core/FiniteAnimationSpec<Ljava/lang/Float;>;Lkotlin/jvm/functions/Function3<-TT;-Landroidx/compose/runtime/Composer;-Ljava/lang/Integer;Lkotlin/Unit;>;II)V' for method void androidx.compose.animation.CrossfadeKt$Crossfade$2.<init>(java.lang.Object, androidx.compose.ui.Modifier, androidx.compose.animation.core.FiniteAnimationSpec, kotlin.jvm.functions.Function3, int, int).
Validation error: A type variable is not in scope.
Signature is ignored and will not be present in the output.
INFO: /Users/enayat/.gradle/caches/8.12/transforms/7d1023349f2e07967e0ee287929be78c/transformed/jetified-animation-release-runtime.jar: R8: Invalid signature 'TT;' for field java.lang.Object androidx.compose.animation.CrossfadeKt$Crossfade$2.$targetState.
Validation error: A type variable is not in scope.
Signature is ignored and will not be present in the output.
INFO: /Users/enayat/.gradle/caches/8.12/transforms/7d1023349f2e07967e0ee287929be78c/transformed/jetified-animation-release-runtime.jar: R8: Invalid signature 'Lkotlin/jvm/functions/Function3<TT;Landroidx/compose/runtime/Composer;Ljava/lang/Integer;Lkotlin/Unit;>;' for field kotlin.jvm.functions.Function3 androidx.compose.animation.CrossfadeKt$Crossfade$2.$content.
Validation error: A type variable is not in scope.
Signature is ignored and will not be present in the output.
INFO: /Users/enayat/.gradle/caches/8.12/transforms/4dea58aa995d1b81a67a1c56d91f6f45/transformed/jetified-foundation-release-runtime.jar: R8: Invalid signature '(ITT;)Ljava/lang/Void;' for method java.lang.Void androidx.compose.foundation.lazy.LazyDslKt$itemsIndexed$5.invoke(int, java.lang.Object).
Validation error: A type variable is not in scope.
Signature is ignored and will not be present in the output.
INFO: /Users/enayat/.gradle/caches/8.12/transforms/4dea58aa995d1b81a67a1c56d91f6f45/transformed/jetified-foundation-release-runtime.jar: R8: Invalid signature '(TT;)Ljava/lang/Void;' for method java.lang.Void androidx.compose.foundation.lazy.grid.LazyGridDslKt$items$1.invoke(java.lang.Object).
Validation error: A type variable is not in scope.
Signature is ignored and will not be present in the output.
INFO: /Users/enayat/.gradle/caches/8.12/transforms/25b818cfe8bd1be7bcf8f1ebd23f106b/transformed/jetified-animation-core-release-runtime.jar: R8: Invalid signature 'Lkotlin/jvm/internal/Lambda;Lkotlin/jvm/functions/Function1<Landroidx/compose/animation/core/AnimationScope<TT;TV;>;Lkotlin/Unit;>;' for class androidx.compose.animation.core.SuspendAnimationKt$animateTo$2.
Validation error: A type variable is not in scope.
Signature is ignored and will not be present in the output.
INFO: /Users/enayat/.gradle/caches/8.12/transforms/25b818cfe8bd1be7bcf8f1ebd23f106b/transformed/jetified-animation-core-release-runtime.jar: R8: Invalid signature '(Landroidx/compose/animation/core/AnimationScope<TT;TV;>;)V' for method void androidx.compose.animation.core.SuspendAnimationKt$animateTo$2.invoke(androidx.compose.animation.core.AnimationScope).
Validation error: A type variable is not in scope.
Signature is ignored and will not be present in the output.
INFO: /Users/enayat/.gradle/caches/8.12/transforms/d2328b346bed9901c87d1c20443a182c/transformed/jetified-runtime-release-runtime.jar: R8: Invalid signature '()Landroidx/collection/MutableScatterMap<TK;Ljava/lang/Object;>;' for method androidx.collection.MutableScatterMap androidx.compose.runtime.Pending$keyMap$2.invoke-SAeQiB4().
Validation error: A type variable is not in scope.
Signature is ignored and will not be present in the output.
INFO: /Users/enayat/.gradle/caches/8.12/transforms/86ffb935d57279d6007c85e7e5b4390e/transformed/jetified-ui-release-runtime.jar: R8: Invalid signature 'Ljava/util/concurrent/atomic/AtomicReference<Landroidx/compose/ui/SessionMutex$Session<TT;>;>;' for field java.util.concurrent.atomic.AtomicReference androidx.compose.ui.platform.AndroidComposeView.textInputSessionMutex.
Validation error: A type variable is not in scope.
Signature is ignored and will not be present in the output.
