WARNING: A restricted method in java.lang.System has been called
WARNING: java.lang.System::load has been called by net.rubygrapefruit.platform.internal.NativeLibraryLoader in an unnamed module (file:/Users/enayat/.gradle/wrapper/dists/gradle-8.12-bin/cetblhg4pflnnks72fxwobvgv/gradle-8.12/lib/native-platform-0.22-milestone-27.jar)
WARNING: Use --enable-native-access=ALL-UNNAMED to avoid a warning for callers in this module
WARNING: Restricted methods will be blocked in a future release unless native access is enabled

Initialized native services in: /Users/enayat/.gradle/native
Initialized jansi services in: /Users/enayat/.gradle/native
The client will now receive all logging from the daemon (pid: 23081). The daemon log file: /Users/enayat/.gradle/daemon/8.12/daemon-23081.out.log
Starting 19th build in daemon [uptime: 8 hrs 0 mins 33.36 secs, performance: 80%, GC rate: 0.00/s, heap usage: 0% of 4 GiB]
Using 4 worker leases.
Now considering [/Users/enayat/Documents/DeepEyeUnlocker] as hierarchies to watch
Watching the file system is configured to be enabled if available
File system watching is active
Starting Build
Caching disabled for Kotlin DSL script compilation (Settings/TopLevel/stage1) because:
  Build cache is disabled

FAILURE: Build failed with an exception.

* What went wrong:
25.0.2

* Try:
> Run with --stacktrace option to get the stack trace.
> Run with --debug option to get more log output.
> Run with --scan to get full insights.
> Get more help at https://help.gradle.org.

BUILD FAILED in 4s
Watched directory hierarchies: []
