WARNING: A restricted method in java.lang.System has been called
WARNING: java.lang.System::load has been called by net.rubygrapefruit.platform.internal.NativeLibraryLoader in an unnamed module (file:/Users/enayat/.gradle/wrapper/dists/gradle-8.12-bin/cetblhg4pflnnks72fxwobvgv/gradle-8.12/lib/native-platform-0.22-milestone-27.jar)
WARNING: Use --enable-native-access=ALL-UNNAMED to avoid a warning for callers in this module
WARNING: Restricted methods will be blocked in a future release unless native access is enabled

> Task :app:preBuild UP-TO-DATE
> Task :app:preReleaseBuild UP-TO-DATE
> Task :app:configureCMakeRelWithDebInfo[arm64-v8a]
> Task :app:buildCMakeRelWithDebInfo[arm64-v8a]
> Task :app:configureCMakeRelWithDebInfo[armeabi-v7a]
> Task :app:buildCMakeRelWithDebInfo[armeabi-v7a]
> Task :app:mergeReleaseJniLibFolders
> Task :app:mergeReleaseNativeLibs
> Task :app:checkReleaseDuplicateClasses
> Task :app:buildKotlinToolingMetadata
> Task :app:checkKotlinGradlePluginConfigurationErrors SKIPPED
> Task :app:generateReleaseBuildConfig
> Task :app:generateReleaseResValues
> Task :app:mapReleaseSourceSetPaths
> Task :app:generateReleaseResources
> Task :app:checkReleaseAarMetadata
> Task :app:mergeReleaseArtProfile
> Task :app:stripReleaseDebugSymbols
> Task :app:mergeReleaseResources
> Task :app:packageReleaseResources
> Task :app:createReleaseCompatibleScreenManifests
> Task :app:extractDeepLinksRelease
> Task :app:parseReleaseLocalResources
> Task :app:processReleaseMainManifest
> Task :app:processReleaseManifest
> Task :app:javaPreCompileRelease
> Task :app:extractProguardFiles
> Task :app:mergeReleaseShaders
> Task :app:compileReleaseShaders NO-SOURCE
> Task :app:generateReleaseAssets UP-TO-DATE
> Task :app:mergeReleaseAssets
> Task :app:processReleaseManifestForPackage
> Task :app:processApplicationManifestReleaseForBundle
> Task :app:compressReleaseAssets
> Task :app:extractReleaseNativeSymbolTables
> Task :app:collectReleaseDependencies
> Task :app:mergeReleaseNativeDebugMetadata
> Task :app:sdkReleaseDependencyData
> Task :app:validateSigningRelease
> Task :app:writeReleaseAppMetadata
> Task :app:writeReleaseSigningConfigVersions
> Task :app:processReleaseResources
> Task :app:bundleReleaseResources
> Task :app:kspReleaseKotlin
> Task :app:compileReleaseKotlin
w: file:///Users/enayat/Documents/DeepEyeUnlocker/app/src/main/kotlin/com/deepeye/otg/ui/RemoteShareScreen.kt:63:36 'val Icons.Filled.ArrowBack: ImageVector' is deprecated. Use the AutoMirrored version at Icons.AutoMirrored.Filled.ArrowBack.
w: file:///Users/enayat/Documents/DeepEyeUnlocker/app/src/main/kotlin/com/deepeye/otg/ui/components/ForensicExplorer.kt:57:21 'fun Divider(modifier: Modifier = ..., thickness: Dp = ..., color: Color = ...): Unit' is deprecated. Renamed to HorizontalDivider.
w: file:///Users/enayat/Documents/DeepEyeUnlocker/app/src/main/kotlin/com/deepeye/otg/ui/screens/CveDashboardScreen.kt:158:35 'val Icons.Filled.ArrowBack: ImageVector' is deprecated. Use the AutoMirrored version at Icons.AutoMirrored.Filled.ArrowBack.
w: file:///Users/enayat/Documents/DeepEyeUnlocker/app/src/main/kotlin/com/deepeye/otg/ui/screens/FuzzDashboardScreen.kt:198:31 'val Icons.Filled.ArrowBack: ImageVector' is deprecated. Use the AutoMirrored version at Icons.AutoMirrored.Filled.ArrowBack.
w: file:///Users/enayat/Documents/DeepEyeUnlocker/app/src/main/kotlin/com/deepeye/otg/ui/screens/HidResearchScreen.kt:109:31 'val Icons.Filled.ArrowBack: ImageVector' is deprecated. Use the AutoMirrored version at Icons.AutoMirrored.Filled.ArrowBack.
w: file:///Users/enayat/Documents/DeepEyeUnlocker/app/src/main/kotlin/com/deepeye/otg/ui/theme/DeepEyeTheme.kt:61:20 'var statusBarColor: Int' is deprecated. Deprecated in Java.
w: file:///Users/enayat/Documents/DeepEyeUnlocker/app/src/main/kotlin/com/deepeye/otg/ui/theme/DeepEyeTheme.kt:62:20 'var navigationBarColor: Int' is deprecated. Deprecated in Java.
w: file:///Users/enayat/Documents/DeepEyeUnlocker/app/src/main/kotlin/com/deepeye/otg/usb/UsbBroadcastReceiver.kt:16:62 'fun <T : Parcelable!> getParcelableExtra(p0: String!): T?' is deprecated. Deprecated in Java.

> Task :app:compileReleaseJavaWithJavac
> Task :app:hiltAggregateDepsRelease
> Task :app:hiltJavaCompileRelease
> Task :app:processReleaseJavaRes
> Task :app:transformReleaseClassesWithAsm
> Task :app:mergeReleaseGeneratedProguardFiles
> Task :app:mergeReleaseJavaResource
> Task :app:expandReleaseArtProfileWildcards
> Task :app:minifyReleaseWithR8
> Task :app:compileReleaseArtProfile
> Task :app:shrinkReleaseRes
> Task :app:optimizeReleaseResources
> Task :app:packageRelease
> Task :app:createReleaseApkListingFileRedirect
> Task :app:assembleRelease

[Incubating] Problems report is available at: file:///Users/enayat/Documents/DeepEyeUnlocker/build/reports/problems/problems-report.html

Deprecated Gradle features were used in this build, making it incompatible with Gradle 9.0.

You can use '--warning-mode all' to show the individual deprecation warnings and determine if they come from your own scripts or plugins.

For more on this, please refer to https://docs.gradle.org/8.12/userguide/command_line_interface.html#sec:command_line_warnings in the Gradle documentation.

BUILD SUCCESSFUL in 40m 59s
53 actionable tasks: 53 executed
