        Info Looking up installed tauri packages to check mismatched versions...
     Running beforeBuildCommand `npm run build`

> deep-eye-unlocker@2026.27.0 build
> vite build

vite v5.4.21 building for production...
transforming...
✓ 47 modules transformed.
rendering chunks...
computing gzip size...
dist/index.html                   0.75 kB │ gzip:  0.44 kB
dist/assets/index-DA9OLtr2.css    0.31 kB │ gzip:  0.24 kB
dist/assets/index-CDzvN-Sa.js   206.37 kB │ gzip: 60.33 kB
✓ built in 13.41s
   Compiling proc-macro2 v1.0.106
   Compiling quote v1.0.45
   Compiling unicode-ident v1.0.24
   Compiling libc v0.2.183
   Compiling cfg-if v1.0.4
   Compiling serde v1.0.228
   Compiling serde_core v1.0.228
   Compiling zerocopy v0.8.42
   Compiling syn v2.0.117
   Compiling icu_properties_data v2.1.2
   Compiling icu_normalizer_data v2.1.1
   Compiling zmij v1.0.21
   Compiling shlex v1.3.0
   Compiling find-msvc-tools v0.1.9
   Compiling memchr v2.8.0
   Compiling cc v1.2.56
   Compiling stable_deref_trait v1.2.1
   Compiling getrandom v0.2.17
   Compiling rand_core v0.6.4
   Compiling parking_lot_core v0.9.12
   Compiling synstructure v0.13.2
   Compiling ppv-lite86 v0.2.21
   Compiling itoa v1.0.17
   Compiling smallvec v1.15.1
   Compiling thiserror v2.0.18
   Compiling autocfg v1.5.0
   Compiling rand_chacha v0.3.1
   Compiling rand v0.8.5
   Compiling siphasher v1.0.2
   Compiling version_check v0.9.5
   Compiling phf_shared v0.11.3
   Compiling litemap v0.8.1
   Compiling writeable v0.6.2
   Compiling serde_derive v1.0.228
   Compiling zerofrom-derive v0.1.6
   Compiling yoke-derive v0.8.1
   Compiling zerovec-derive v0.11.2
   Compiling displaydoc v0.2.5
   Compiling zerofrom v0.1.6
   Compiling yoke v0.8.1
   Compiling thiserror-impl v2.0.18
   Compiling zerovec v0.11.5
   Compiling scopeguard v1.2.0
   Compiling serde_json v1.0.149
   Compiling lock_api v0.4.14
   Compiling tinystr v0.8.2
   Compiling potential_utf v0.1.4
   Compiling zerotrie v0.2.3
   Compiling icu_locale_core v2.1.1
   Compiling phf_generator v0.11.3
   Compiling siphasher v0.3.11
   Compiling icu_collections v2.1.1
   Compiling icu_provider v2.1.1
   Compiling getrandom v0.1.16
   Compiling typeid v1.0.3
   Compiling num-conv v0.2.0
   Compiling time-core v0.1.8
   Compiling fnv v1.0.7
   Compiling getrandom v0.4.2
   Compiling parking_lot v0.12.5
   Compiling time-macros v0.2.27
   Compiling icu_normalizer v2.1.1
   Compiling icu_properties v2.1.2
   Compiling equivalent v1.0.2
   Compiling log v0.4.29
   Compiling typenum v1.19.0
   Compiling percent-encoding v2.3.2
   Compiling form_urlencoded v1.2.2
   Compiling rand_core v0.5.1
   Compiling ident_case v1.0.1
   Compiling syn v1.0.109
   Compiling thiserror v1.0.69
   Compiling strsim v0.11.1
   Compiling utf8_iter v1.0.4
   Compiling erased-serde v0.4.10
   Compiling darling_core v0.21.3
   Compiling idna_adapter v1.2.1
   Compiling idna v1.1.0
   Compiling uuid v1.22.0
   Compiling phf_macros v0.11.3
   Compiling generic-array v0.14.7
   Compiling bytes v1.11.1
   Compiling crossbeam-utils v0.8.21
   Compiling hashbrown v0.16.1
   Compiling url v2.5.8
   Compiling indexmap v2.13.0
   Compiling rand_pcg v0.2.1
   Compiling rand_chacha v0.2.2
   Compiling phf_shared v0.8.0
   Compiling thiserror-impl v1.0.69
   Compiling proc-macro-hack v0.5.20+deprecated
   Compiling darling_macro v0.21.3
   Compiling anyhow v1.0.102
   Compiling darling v0.21.3
   Compiling rand v0.7.3
   Compiling phf_shared v0.10.0
   Compiling byteorder v1.5.0
   Compiling new_debug_unreachable v1.0.6
   Compiling phf_generator v0.8.0
   Compiling phf_generator v0.10.0
   Compiling serde_with_macros v3.17.0
   Compiling string_cache_codegen v0.5.4
   Compiling phf_codegen v0.11.3
   Compiling precomputed-hash v0.1.1
   Compiling winnow v0.7.15
   Compiling mac v0.1.1
   Compiling futf v0.1.5
   Compiling markup5ever v0.14.1
   Compiling phf_codegen v0.8.0
   Compiling semver v1.0.27
   Compiling serde_spanned v1.0.4
   Compiling toml_datetime v0.7.5+spec-1.1.0
   Compiling dtoa v1.0.11
   Compiling toml_writer v1.0.6+spec-1.1.0
   Compiling bitflags v1.3.2
   Compiling utf-8 v0.7.6
   Compiling dtoa-short v0.3.5
   Compiling phf_macros v0.10.0
   Compiling cssparser v0.29.6
   Compiling tendril v0.4.3
   Compiling selectors v0.24.0
   Compiling toml_parser v1.0.9+spec-1.1.0
   Compiling phf v0.10.1
   Compiling string_cache v0.8.9
   Compiling toml v0.9.12+spec-1.1.0
   Compiling phf v0.11.3
   Compiling cssparser-macros v0.6.1
   Compiling ctor v0.2.9
   Compiling indexmap v1.9.3
   Compiling objc2-exception-helper v0.1.1
   Compiling aho-corasick v1.1.4
   Compiling unic-char-range v0.9.0
   Compiling matches v0.1.10
   Compiling powerfmt v0.2.0
   Compiling unic-common v0.9.0
   Compiling regex-syntax v0.8.10
   Compiling alloc-no-stdlib v2.0.4
   Compiling nodrop v0.1.14
   Compiling camino v1.2.2
   Compiling convert_case v0.4.0
   Compiling derive_more v0.99.20
   Compiling servo_arc v0.2.0
   Compiling alloc-stdlib v0.2.2
   Compiling deranged v0.5.8
   Compiling unic-ucd-version v0.9.0
   Compiling regex-automata v0.4.14
   Compiling unic-char-property v0.9.0
   Compiling fxhash v0.2.1
   Compiling phf v0.8.0
   Compiling swift-rs v1.0.7
   Compiling match_token v0.1.0
   Compiling serde_derive_internals v0.29.1
   Compiling schemars v0.8.22
   Compiling hashbrown v0.12.3
   Compiling html5ever v0.29.1
   Compiling schemars_derive v0.8.22
   Compiling regex v1.12.3
   Compiling unic-ucd-ident v0.9.0
   Compiling time v0.3.47
   Compiling brotli-decompressor v5.0.0
   Compiling cfb v0.7.3
   Compiling jsonptr v0.6.3
   Compiling cargo-platform v0.1.9
   Compiling bitflags v2.11.0
   Compiling dunce v1.0.5
   Compiling same-file v1.0.6
   Compiling base64 v0.21.7
   Compiling objc2 v0.6.4
   Compiling base64 v0.22.1
   Compiling dyn-clone v1.0.20
   Compiling walkdir v2.5.0
   Compiling cargo_metadata v0.19.2
   Compiling json-patch v3.0.1
   Compiling brotli v8.0.2
   Compiling infer v0.19.0
   Compiling urlpattern v0.3.0
   Compiling kuchikiki v0.8.8-speedreader
   Compiling serde-untagged v0.1.9
   Compiling serde_with v3.17.0
   Compiling http v1.4.0
   Compiling glob v0.3.3
   Compiling objc2-encode v4.1.0
   Compiling tauri-utils v2.8.3
   Compiling crc32fast v1.5.0
   Compiling heck v0.5.0
   Compiling block-buffer v0.10.4
   Compiling crypto-common v0.1.7
   Compiling block2 v0.6.2
   Compiling objc2-core-foundation v0.3.2
   Compiling rustc_version v0.4.1
   Compiling errno v0.3.14
   Compiling num-traits v0.2.19
   Compiling quick-xml v0.38.4
   Compiling pin-project-lite v0.2.17
   Compiling futures-core v0.3.32
   Compiling once_cell v1.21.4
   Compiling option-ext v0.2.0
   Compiling dirs-sys v0.5.0
   Compiling plist v1.8.0
   Compiling signal-hook-registry v1.4.8
   Compiling embed-resource v3.0.6
   Compiling objc2-foundation v0.3.2
   Compiling digest v0.10.7
   Compiling pkg-config v0.3.32
   Compiling vcpkg v0.2.15
   Compiling cpufeatures v0.2.17
   Compiling sha2 v0.10.9
   Compiling libsqlite3-sys v0.30.1
   Compiling tauri-winres v0.3.5
   Compiling dirs v6.0.0
   Compiling cargo_toml v0.22.3
   Compiling tracing-attributes v0.1.31
   Compiling simd-adler32 v0.3.8
   Compiling futures-sink v0.3.32
   Compiling tauri-build v2.5.6
   Compiling objc2-app-kit v0.3.2
   Compiling adler2 v2.0.1
   Compiling miniz_oxide v0.8.9
   Compiling dpi v0.1.2
   Compiling socket2 v0.6.3
   Compiling mio v1.1.1
   Compiling tokio-macros v2.6.1
   Compiling cookie v0.18.1
   Compiling futures-io v0.3.32
   Compiling futures-task v0.3.32
   Compiling foldhash v0.1.5
   Compiling core-foundation-sys v0.8.7
   Compiling slab v0.4.12
   Compiling raw-window-handle v0.6.2
   Compiling allocator-api2 v0.2.21
   Compiling tracing-core v0.1.36
   Compiling hashbrown v0.15.5
   Compiling futures-util v0.3.32
   Compiling core-foundation v0.10.1
   Compiling tokio v1.50.0
   Compiling flate2 v1.1.9
   Compiling tauri v2.10.3
   Compiling concurrent-queue v2.5.0
   Compiling fdeflate v0.3.7
   Compiling tauri-plugin v2.5.4
   Compiling foreign-types-macros v0.2.3
   Compiling foreign-types-shared v0.3.1
   Compiling crc-catalog v2.4.0
   Compiling parking v2.2.1
   Compiling event-listener v5.4.1
   Compiling crc v3.4.0
   Compiling foreign-types v0.5.0
   Compiling png v0.17.16
   Compiling tokio-stream v0.1.18
   Compiling core-graphics-types v0.2.0
   Compiling hashlink v0.10.0
   Compiling tracing v0.1.44
   Compiling objc2-web-kit v0.3.2
   Compiling crossbeam-queue v0.3.12
   Compiling futures-intrusive v0.5.0
   Compiling crossbeam-channel v0.5.15
   Compiling either v1.15.0
   Compiling spin v0.9.8
   Compiling ryu v1.0.23
   Compiling tauri-runtime v2.10.1
   Compiling wry v0.54.3
   Compiling serde_urlencoded v0.7.1
   Compiling flume v0.11.1
   Compiling sqlx-core v0.8.6
   Compiling core-graphics v0.25.0
   Compiling ico v0.5.0
   Compiling atoi v2.0.0
   Compiling futures-executor v0.3.32
   Compiling futures-channel v0.3.32
   Compiling dispatch2 v0.3.1
   Compiling signal-hook v0.3.18
   Compiling unicode-segmentation v1.12.0
   Compiling tauri-runtime-wry v2.10.1
   Compiling getrandom v0.3.4
   Compiling keyboard-types v0.7.0
   Compiling tao v0.34.6
   Compiling sqlx-sqlite v0.8.6
   Compiling tauri-codegen v2.5.5
   Compiling serialize-to-javascript-impl v0.1.2
   Compiling dotenvy v0.15.7
   Compiling hex v0.4.3
   Compiling sqlx-macros-core v0.8.6
   Compiling serialize-to-javascript v0.1.2
   Compiling tauri-macros v2.5.5
   Compiling muda v0.17.1
   Compiling tauri-plugin-shell v2.3.5
   Compiling tauri-plugin-sql v2.3.2
   Compiling window-vibrancy v0.6.0
   Compiling os_pipe v1.2.3
   Compiling serde_repr v0.1.20
   Compiling embed_plist v1.2.2
   Compiling mime v0.3.17
   Compiling sigchld v0.2.4
   Compiling sqlx-macros v0.8.6
   Compiling pathdiff v0.2.3
   Compiling open v5.3.3
   Compiling shared_child v1.1.1
   Compiling deep-eye-unlocker-desktop v2026.12.0 (/Users/enayat/Documents/DeepEyeUnlocker/src-tauri)
   Compiling encoding_rs v0.8.35
   Compiling sqlx v0.8.6
error[E0599]: no method named `path` found for reference `&AppHandle` in the current scope
  --> src/commands/ios_backup.rs:20:13
   |
20 |         app.path().resource_dir().unwrap().join("python")
   |             ^^^^ method not found in `&AppHandle`
   |
   = help: items from traits can only be used if the trait is in scope
help: trait `Manager` which provides `path` is implemented but not in scope; perhaps you want to import it
   |
 1 + use tauri::Manager;
   |

warning: unused variable: `app`
   --> src/commands/activation.rs:113:42
    |
113 | pub async fn ios_patch_activation_record(app: AppHandle, udid: String) -> Result<(), String> {
    |                                          ^^^ help: if this is intentional, prefix it with an underscore: `_app`
    |
    = note: `#[warn(unused_variables)]` (part of `#[warn(unused)]`) on by default

warning: unused variable: `app`
  --> src/commands/mdm.rs:89:29
   |
89 | pub async fn ios_remove_mdm(app: AppHandle, udid: String) -> Result<bool, String> {
   |                             ^^^ help: if this is intentional, prefix it with an underscore: `_app`

warning: unused variable: `app`
  --> src/commands/bypass.rs:39:35
   |
39 | pub async fn ios_run_hello_bypass(app: AppHandle, udid: String) -> Result<bool, String> {
   |                                   ^^^ help: if this is intentional, prefix it with an underscore: `_app`

warning: unused variable: `app`
  --> src/commands/ramdisk.rs:78:31
   |
78 | pub async fn ios_boot_ramdisk(app: AppHandle, ramdisk_path: String) -> Result<(), String> {
   |                               ^^^ help: if this is intentional, prefix it with an underscore: `_app`

warning: unused variable: `udid`
  --> src/commands/bypass_advanced.rs:83:52
   |
83 | pub async fn ios_untethered_bypass(app: AppHandle, udid: String, activation_type: String) -> Result<Option<String>, String> {
   |                                                    ^^^^ help: if this is intentional, prefix it with an underscore: `_udid`

warning: unused variable: `app`
  --> src/commands/orchestrator.rs:35:40
   |
35 | pub async fn ios_inject_surgical_patch(app: AppHandle, patch_id: String) -> Result<bool, String> {
   |                                        ^^^ help: if this is intentional, prefix it with an underscore: `_app`

For more information about this error, try `rustc --explain E0599`.
warning: `deep-eye-unlocker-desktop` (lib) generated 6 warnings
error: could not compile `deep-eye-unlocker-desktop` (lib) due to 1 previous error; 6 warnings emitted
failed to build app: failed to build app
       Error failed to build app: failed to build app
